C:\Program Files\Microsoft Visual Studio\2022\Community\VC\Tools\MSVC\14.44.35207\include\iosfwd(100): error C7568: argument list missing after assumed function template 'is_integral_v'
C:\Program Files\Microsoft Visual Studio\2022\Community\VC\Tools\MSVC\14.44.35207\include\iosfwd(100): note: the template instantiation context (the oldest one first) is
C:\Program Files\Microsoft Visual Studio\2022\Community\VC\Tools\MSVC\14.44.35207\include\iosfwd(50): note: while compiling class template 'Core::std::fpos'
C:\Program Files\Microsoft Visual Studio\2022\Community\VC\Tools\MSVC\14.44.35207\include\iosfwd(100): error C7568: argument list missing after assumed function template 'enable_if_t'
C:\Program Files\Microsoft Visual Studio\2022\Community\VC\Tools\MSVC\14.44.35207\include\iosfwd(100): error C2993: '<error type>': is not a valid type for non-type template parameter '__formal'
C:\Program Files\Microsoft Visual Studio\2022\Community\VC\Tools\MSVC\14.44.35207\include\__msvc_string_view.hpp(99): error C2061: syntax error: identifier 'strong_ordering'
C:\Program Files\Microsoft Visual Studio\2022\Community\VC\Tools\MSVC\14.44.35207\include\__msvc_string_view.hpp(99): note: the template instantiation context (the oldest one first) is
C:\Program Files\Microsoft Visual Studio\2022\Community\VC\Tools\MSVC\14.44.35207\include\__msvc_string_view.hpp(92): note: while compiling class template 'Core::std::_Char_traits'
C:\Program Files\Microsoft Visual Studio\2022\Community\VC\Tools\MSVC\14.44.35207\include\__msvc_string_view.hpp(274): error C2061: syntax error: identifier 'strong_ordering'
C:\Program Files\Microsoft Visual Studio\2022\Community\VC\Tools\MSVC\14.44.35207\include\__msvc_string_view.hpp(274): note: the template instantiation context (the oldest one first) is
C:\Program Files\Microsoft Visual Studio\2022\Community\VC\Tools\MSVC\14.44.35207\include\__msvc_string_view.hpp(262): note: while compiling class template 'Core::std::_WChar_traits'
C:\Program Files\Microsoft Visual Studio\2022\Community\VC\Tools\MSVC\14.44.35207\include\__msvc_string_view.hpp(286): error C3861: 'is_same_v': identifier not found
C:\Program Files\Microsoft Visual Studio\2022\Community\VC\Tools\MSVC\14.44.35207\include\__msvc_string_view.hpp(302): error C3861: 'is_same_v': identifier not found
C:\Program Files\Microsoft Visual Studio\2022\Community\VC\Tools\MSVC\14.44.35207\include\__msvc_string_view.hpp(318): error C3861: 'is_same_v': identifier not found
C:\Program Files\Microsoft Visual Studio\2022\Community\VC\Tools\MSVC\14.44.35207\include\__msvc_string_view.hpp(399): error C3861: 'is_arithmetic_v': identifier not found
C:\Program Files\Microsoft Visual Studio\2022\Community\VC\Tools\MSVC\14.44.35207\include\__msvc_string_view.hpp(399): error C3861: 'is_null_pointer_v': identifier not found
C:\Program Files\Microsoft Visual Studio\2022\Community\VC\Tools\MSVC\14.44.35207\include\__msvc_string_view.hpp(426): error C2061: syntax error: identifier 'strong_ordering'
C:\Program Files\Microsoft Visual Studio\2022\Community\VC\Tools\MSVC\14.44.35207\include\__msvc_string_view.hpp(426): note: the template instantiation context (the oldest one first) is
C:\Program Files\Microsoft Visual Studio\2022\Community\VC\Tools\MSVC\14.44.35207\include\__msvc_string_view.hpp(414): note: while compiling class template 'Core::std::_Narrow_char_traits'
C:\Program Files\Microsoft Visual Studio\2022\Community\VC\Tools\MSVC\14.44.35207\include\__msvc_string_view.hpp(447): error C3861: 'is_same_v': identifier not found
C:\Program Files\Microsoft Visual Studio\2022\Community\VC\Tools\MSVC\14.44.35207\include\__msvc_string_view.hpp(468): error C3861: 'is_same_v': identifier not found
C:\Program Files\Microsoft Visual Studio\2022\Community\VC\Tools\MSVC\14.44.35207\include\__msvc_string_view.hpp(866): error C2065: '_Threshold_find_first_of': undeclared identifier
C:\Program Files\Microsoft Visual Studio\2022\Community\VC\Tools\MSVC\14.44.35207\include\__msvc_string_view.hpp(866): error C3861: '_Threshold_find_first_of': identifier not found
C:\Program Files\Microsoft Visual Studio\2022\Community\VC\Tools\MSVC\14.44.35207\include\__msvc_string_view.hpp(916): error C2065: '_Threshold_find_first_of': undeclared identifier
C:\Program Files\Microsoft Visual Studio\2022\Community\VC\Tools\MSVC\14.44.35207\include\__msvc_string_view.hpp(916): error C3861: '_Threshold_find_first_of': identifier not found
C:\Program Files\Microsoft Visual Studio\2022\Community\VC\Tools\MSVC\14.44.35207\include\__msvc_string_view.hpp(1062): error C3861: '_Is_any_of_v': identifier not found
C:\Program Files\Microsoft Visual Studio\2022\Community\VC\Tools\MSVC\14.44.35207\include\__msvc_string_view.hpp(1076): error C2061: syntax error: identifier 'contiguous_iterator_tag'
C:\Program Files\Microsoft Visual Studio\2022\Community\VC\Tools\MSVC\14.44.35207\include\__msvc_string_view.hpp(1076): note: the template instantiation context (the oldest one first) is
C:\Program Files\Microsoft Visual Studio\2022\Community\VC\Tools\MSVC\14.44.35207\include\__msvc_string_view.hpp(1073): note: while compiling class template 'Core::std::_String_view_iterator'
C:\Program Files\Microsoft Visual Studio\2022\Community\VC\Tools\MSVC\14.44.35207\include\__msvc_string_view.hpp(1078): error C2061: syntax error: identifier 'random_access_iterator_tag'
C:\Program Files\Microsoft Visual Studio\2022\Community\VC\Tools\MSVC\14.44.35207\include\__msvc_string_view.hpp(1247): error C2143: syntax error: missing ';' before '<=>'
C:\Program Files\Microsoft Visual Studio\2022\Community\VC\Tools\MSVC\14.44.35207\include\__msvc_string_view.hpp(1247): error C4430: missing type specifier - int assumed. Note: C++ does not support default-int
C:\Program Files\Microsoft Visual Studio\2022\Community\VC\Tools\MSVC\14.44.35207\include\__msvc_string_view.hpp(1247): error C2178: 'Core::std::_String_view_iterator<_Traits>::strong_ordering' cannot be declared with 'constexpr' specifier
C:\Program Files\Microsoft Visual Studio\2022\Community\VC\Tools\MSVC\14.44.35207\include\__msvc_string_view.hpp(1247): warning C4869: 'nodiscard' may only be applied to classes, enumerations, and functions
C:\Program Files\Microsoft Visual Studio\2022\Community\VC\Tools\MSVC\14.44.35207\include\__msvc_string_view.hpp(1247): error C4430: missing type specifier - int assumed. Note: C++ does not support default-int
C:\Program Files\Microsoft Visual Studio\2022\Community\VC\Tools\MSVC\14.44.35207\include\__msvc_string_view.hpp(1324): error C3856: 'pointer_traits': symbol is not a class template
C:\Program Files\Microsoft Visual Studio\2022\Community\VC\Tools\MSVC\14.44.35207\include\__msvc_string_view.hpp(1324): error C2065: '_Traits': undeclared identifier
C:\Program Files\Microsoft Visual Studio\2022\Community\VC\Tools\MSVC\14.44.35207\include\__msvc_string_view.hpp(1324): error C2923: 'Core::std::_String_view_iterator': '_Traits' is not a valid template type argument for parameter '_Traits'
C:\Program Files\Microsoft Visual Studio\2022\Community\VC\Tools\MSVC\14.44.35207\include\__msvc_string_view.hpp(1324): note: see declaration of '_Traits'
C:\Program Files\Microsoft Visual Studio\2022\Community\VC\Tools\MSVC\14.44.35207\include\__msvc_string_view.hpp(1324): error C2146: syntax error: missing ';' before identifier '_String_view_iterator'
C:\Program Files\Microsoft Visual Studio\2022\Community\VC\Tools\MSVC\14.44.35207\include\__msvc_string_view.hpp(1324): error C2059: syntax error: '>'
C:\Program Files\Microsoft Visual Studio\2022\Community\VC\Tools\MSVC\14.44.35207\include\__msvc_string_view.hpp(1324): error C2143: syntax error: missing ';' before '{'
C:\Program Files\Microsoft Visual Studio\2022\Community\VC\Tools\MSVC\14.44.35207\include\__msvc_string_view.hpp(1324): error C2447: '{': missing function header (old-style formal list?)
C:\Program Files\Microsoft Visual Studio\2022\Community\VC\Tools\MSVC\14.44.35207\include\__msvc_string_view.hpp(1388): error C2061: syntax error: identifier 'contiguous_iterator'
C:\Program Files\Microsoft Visual Studio\2022\Community\VC\Tools\MSVC\14.44.35207\include\__msvc_string_view.hpp(1388): note: the template instantiation context (the oldest one first) is
C:\Program Files\Microsoft Visual Studio\2022\Community\VC\Tools\MSVC\14.44.35207\include\__msvc_string_view.hpp(1341): note: while compiling class template 'Core::std::basic_string_view'
C:\Program Files\Microsoft Visual Studio\2022\Community\VC\Tools\MSVC\14.44.35207\include\__msvc_string_view.hpp(1388): error C2988: unrecognizable template declaration/definition
C:\Program Files\Microsoft Visual Studio\2022\Community\VC\Tools\MSVC\14.44.35207\include\__msvc_string_view.hpp(1388): error C2059: syntax error: '>'
C:\Program Files\Microsoft Visual Studio\2022\Community\VC\Tools\MSVC\14.44.35207\include\__msvc_string_view.hpp(1389): error C2065: '_Iter': undeclared identifier
C:\Program Files\Microsoft Visual Studio\2022\Community\VC\Tools\MSVC\14.44.35207\include\__msvc_string_view.hpp(1389): error C7568: argument list missing after assumed function template 'iter_value_t'
C:\Program Files\Microsoft Visual Studio\2022\Community\VC\Tools\MSVC\14.44.35207\include\__msvc_string_view.hpp(1389): error C7568: argument list missing after assumed function template 'is_same_v'
C:\Program Files\Microsoft Visual Studio\2022\Community\VC\Tools\MSVC\14.44.35207\include\__msvc_string_view.hpp(1389): error C2065: '_Sent': undeclared identifier
C:\Program Files\Microsoft Visual Studio\2022\Community\VC\Tools\MSVC\14.44.35207\include\__msvc_string_view.hpp(1389): error C7568: argument list missing after assumed function template 'is_convertible_v'
C:\Program Files\Microsoft Visual Studio\2022\Community\VC\Tools\MSVC\14.44.35207\include\__msvc_string_view.hpp(1391): error C2334: unexpected token(s) preceding ':'; skipping apparent function body
C:\Program Files\Microsoft Visual Studio\2022\Community\VC\Tools\MSVC\14.44.35207\include\__msvc_string_view.hpp(1800): fatal error C1903: unable to recover from previous error(s); stopping compilation
[2/24] Building CXX object CMakeFiles\VulkanSandbox.dir\core\window.cpp.obj
C:\Program Files\Microsoft Visual Studio\2022\Community\VC\Tools\MSVC\14.44.35207\include\__msvc_chrono.hpp(657): error C3861: '_Query_perf_frequency': identifier not found
C:\Program Files\Microsoft Visual Studio\2022\Community\VC\Tools\MSVC\14.44.35207\include\__msvc_chrono.hpp(658): error C3861: '_Query_perf_counter': identifier not found
C:\Program Files\Microsoft Visual Studio\2022\Community\VC\Tools\MSVC\14.44.35207\include\memory(4053): error C7568: argument list missing after assumed function template '_Locked_pointer'
C:\Program Files\Microsoft Visual Studio\2022\Community\VC\Tools\MSVC\14.44.35207\include\memory(4053): note: the template instantiation context (the oldest one first) is
C:\Program Files\Microsoft Visual Studio\2022\Community\VC\Tools\MSVC\14.44.35207\include\memory(4020): note: while compiling class template 'std::_Atomic_ptr_base'
C:\Program Files\Microsoft Visual Studio\2022\Community\VC\Tools\MSVC\14.44.35207\include\memory(4053): error C2062: type '<error type>' unexpected
C:\Program Files\Microsoft Visual Studio\2022\Community\VC\Tools\MSVC\14.44.35207\include\memory(4053): error C2238: unexpected token(s) preceding ';'
C:\Program Files\Microsoft Visual Studio\2022\Community\VC\Tools\MSVC\14.44.35207\include\memory(4026): error C3861: '_Repptr': identifier not found
C:\Program Files\Microsoft Visual Studio\2022\Community\VC\Tools\MSVC\14.44.35207\include\memory(4032): error C3861: '_Repptr': identifier not found
C:\Program Files\Microsoft Visual Studio\2022\Community\VC\Tools\MSVC\14.44.35207\include\memory(4034): error C3861: '_Repptr': identifier not found
C:\Program Files\Microsoft Visual Studio\2022\Community\VC\Tools\MSVC\14.44.35207\include\memory(4032): error C2065: '_Repptr': undeclared identifier
C:\Program Files\Microsoft Visual Studio\2022\Community\VC\Tools\MSVC\14.44.35207\include\memory(4034): error C2065: '_Repptr': undeclared identifier
C:\Program Files\Microsoft Visual Studio\2022\Community\VC\Tools\MSVC\14.44.35207\include\memory(4071): error C3861: '_Check_store_memory_order': identifier not found
C:\Program Files\Microsoft Visual Studio\2022\Community\VC\Tools\MSVC\14.44.35207\include\memory(4071): note: '_Check_store_memory_order': function declaration must be available as none of the arguments depend on a template parameter
C:\Program Files\Microsoft Visual Studio\2022\Community\VC\Tools\MSVC\14.44.35207\include\memory(4071): note: the template instantiation context (the oldest one first) is
C:\Program Files\Microsoft Visual Studio\2022\Community\VC\Tools\MSVC\14.44.35207\include\memory(4057): note: while compiling class template partial specialization 'std::atomic<std::shared_ptr<_Ty>>'
C:\Program Files\Microsoft Visual Studio\2022\Community\VC\Tools\MSVC\14.44.35207\include\memory(4081): error C3861: '_Check_load_memory_order': identifier not found
C:\Program Files\Microsoft Visual Studio\2022\Community\VC\Tools\MSVC\14.44.35207\include\memory(4081): note: '_Check_load_memory_order': function declaration must be available as none of the arguments depend on a template parameter
C:\Program Files\Microsoft Visual Studio\2022\Community\VC\Tools\MSVC\14.44.35207\include\memory(4096): error C3861: '_Check_memory_order': identifier not found
C:\Program Files\Microsoft Visual Studio\2022\Community\VC\Tools\MSVC\14.44.35207\include\memory(4096): note: '_Check_memory_order': function declaration must be available as none of the arguments depend on a template parameter
C:\Program Files\Microsoft Visual Studio\2022\Community\VC\Tools\MSVC\14.44.35207\include\memory(4109): error C3861: '_Combine_cas_memory_orders': identifier not found
C:\Program Files\Microsoft Visual Studio\2022\Community\VC\Tools\MSVC\14.44.35207\include\memory(4109): note: '_Combine_cas_memory_orders': function declaration must be available as none of the arguments depend on a template parameter
C:\Program Files\Microsoft Visual Studio\2022\Community\VC\Tools\MSVC\14.44.35207\include\memory(4114): error C3861: '_Combine_cas_memory_orders': identifier not found
C:\Program Files\Microsoft Visual Studio\2022\Community\VC\Tools\MSVC\14.44.35207\include\memory(4114): note: '_Combine_cas_memory_orders': function declaration must be available as none of the arguments depend on a template parameter
C:\Program Files\Microsoft Visual Studio\2022\Community\VC\Tools\MSVC\14.44.35207\include\memory(4124): error C3861: '_Check_memory_order': identifier not found
C:\Program Files\Microsoft Visual Studio\2022\Community\VC\Tools\MSVC\14.44.35207\include\memory(4124): note: '_Check_memory_order': function declaration must be available as none of the arguments depend on a template parameter
C:\Program Files\Microsoft Visual Studio\2022\Community\VC\Tools\MSVC\14.44.35207\include\memory(4194): error C3861: '_Check_store_memory_order': identifier not found
C:\Program Files\Microsoft Visual Studio\2022\Community\VC\Tools\MSVC\14.44.35207\include\memory(4194): note: '_Check_store_memory_order': function declaration must be available as none of the arguments depend on a template parameter
C:\Program Files\Microsoft Visual Studio\2022\Community\VC\Tools\MSVC\14.44.35207\include\memory(4194): note: the template instantiation context (the oldest one first) is
C:\Program Files\Microsoft Visual Studio\2022\Community\VC\Tools\MSVC\14.44.35207\include\memory(4180): note: while compiling class template partial specialization 'std::atomic<std::weak_ptr<_Ty>>'
C:\Program Files\Microsoft Visual Studio\2022\Community\VC\Tools\MSVC\14.44.35207\include\memory(4204): error C3861: '_Check_load_memory_order': identifier not found
C:\Program Files\Microsoft Visual Studio\2022\Community\VC\Tools\MSVC\14.44.35207\include\memory(4204): note: '_Check_load_memory_order': function declaration must be available as none of the arguments depend on a template parameter
C:\Program Files\Microsoft Visual Studio\2022\Community\VC\Tools\MSVC\14.44.35207\include\memory(4219): error C3861: '_Check_memory_order': identifier not found
C:\Program Files\Microsoft Visual Studio\2022\Community\VC\Tools\MSVC\14.44.35207\include\memory(4219): note: '_Check_memory_order': function declaration must be available as none of the arguments depend on a template parameter
C:\Program Files\Microsoft Visual Studio\2022\Community\VC\Tools\MSVC\14.44.35207\include\memory(4232): error C3861: '_Combine_cas_memory_orders': identifier not found
C:\Program Files\Microsoft Visual Studio\2022\Community\VC\Tools\MSVC\14.44.35207\include\memory(4232): note: '_Combine_cas_memory_orders': function declaration must be available as none of the arguments depend on a template parameter
C:\Program Files\Microsoft Visual Studio\2022\Community\VC\Tools\MSVC\14.44.35207\include\memory(4237): error C3861: '_Combine_cas_memory_orders': identifier not found
C:\Program Files\Microsoft Visual Studio\2022\Community\VC\Tools\MSVC\14.44.35207\include\memory(4237): note: '_Combine_cas_memory_orders': function declaration must be available as none of the arguments depend on a template parameter
C:\Program Files\Microsoft Visual Studio\2022\Community\VC\Tools\MSVC\14.44.35207\include\memory(4247): error C3861: '_Check_memory_order': identifier not found
C:\Program Files\Microsoft Visual Studio\2022\Community\VC\Tools\MSVC\14.44.35207\include\memory(4247): note: '_Check_memory_order': function declaration must be available as none of the arguments depend on a template parameter
C:\Program Files\Microsoft Visual Studio\2022\Community\VC\Tools\MSVC\14.44.35207\include\xlocbuf(225): error C2039: 'seekdir': is not a member of 'std::ios_base'
C:\Program Files\Microsoft Visual Studio\2022\Community\VC\Tools\MSVC\14.44.35207\include\iosfwd(165): note: see declaration of 'std::ios_base'
C:\Program Files\Microsoft Visual Studio\2022\Community\VC\Tools\MSVC\14.44.35207\include\xlocbuf(225): note: the template instantiation context (the oldest one first) is
C:\Program Files\Microsoft Visual Studio\2022\Community\VC\Tools\MSVC\14.44.35207\include\xlocbuf(22): note: while compiling class template 'std::wbuffer_convert'
C:\Program Files\Microsoft Visual Studio\2022\Community\VC\Tools\MSVC\14.44.35207\include\xlocbuf(225): error C2061: syntax error: identifier 'seekdir'
C:\Program Files\Microsoft Visual Studio\2022\Community\VC\Tools\MSVC\14.44.35207\include\xlocbuf(231): error C2039: 'openmode': is not a member of 'std::ios_base'
C:\Program Files\Microsoft Visual Studio\2022\Community\VC\Tools\MSVC\14.44.35207\include\iosfwd(165): note: see declaration of 'std::ios_base'
C:\Program Files\Microsoft Visual Studio\2022\Community\VC\Tools\MSVC\14.44.35207\include\xlocbuf(231): error C2061: syntax error: identifier 'openmode'
C:\Program Files\Microsoft Visual Studio\2022\Community\VC\Tools\MSVC\14.44.35207\include\xlocbuf(226): error C2039: 'in': is not a member of 'std::ios_base'
C:\Program Files\Microsoft Visual Studio\2022\Community\VC\Tools\MSVC\14.44.35207\include\iosfwd(165): note: see declaration of 'std::ios_base'
C:\Program Files\Microsoft Visual Studio\2022\Community\VC\Tools\MSVC\14.44.35207\include\xlocbuf(231): error C2039: 'in': is not a member of 'std::ios_base'
C:\Program Files\Microsoft Visual Studio\2022\Community\VC\Tools\MSVC\14.44.35207\include\iosfwd(165): note: see declaration of 'std::ios_base'
C:\Program Files\Microsoft Visual Studio\2022\Community\VC\Tools\MSVC\14.44.35207\include\xlocmon(121): error C3861: '_Maklocwcs': identifier not found
C:\Program Files\Microsoft Visual Studio\2022\Community\VC\Tools\MSVC\14.44.35207\include\xlocmon(121): note: '_Maklocwcs': function declaration must be available as none of the arguments depend on a template parameter
C:\Program Files\Microsoft Visual Studio\2022\Community\VC\Tools\MSVC\14.44.35207\include\xlocmon(121): note: the template instantiation context (the oldest one first) is
C:\Program Files\Microsoft Visual Studio\2022\Community\VC\Tools\MSVC\14.44.35207\include\xlocmon(42): note: while compiling class template 'std::_Mpunct'
C:\Program Files\Microsoft Visual Studio\2022\Community\VC\Tools\MSVC\14.44.35207\include\xlocmon(122): error C3861: '_Maklocwcs': identifier not found
C:\Program Files\Microsoft Visual Studio\2022\Community\VC\Tools\MSVC\14.44.35207\include\xlocmon(122): note: '_Maklocwcs': function declaration must be available as none of the arguments depend on a template parameter
C:\Program Files\Microsoft Visual Studio\2022\Community\VC\Tools\MSVC\14.44.35207\include\xlocmon(123): error C3861: '_Maklocwcs': identifier not found
C:\Program Files\Microsoft Visual Studio\2022\Community\VC\Tools\MSVC\14.44.35207\include\xlocmon(123): note: '_Maklocwcs': function declaration must be available as none of the arguments depend on a template parameter
C:\Program Files\Microsoft Visual Studio\2022\Community\VC\Tools\MSVC\14.44.35207\include\xlocmon(310): error C2039: 'iostate': is not a member of 'std::ios_base'
C:\Program Files\Microsoft Visual Studio\2022\Community\VC\Tools\MSVC\14.44.35207\include\iosfwd(165): note: see declaration of 'std::ios_base'
C:\Program Files\Microsoft Visual Studio\2022\Community\VC\Tools\MSVC\14.44.35207\include\xlocmon(310): note: the template instantiation context (the oldest one first) is
C:\Program Files\Microsoft Visual Studio\2022\Community\VC\Tools\MSVC\14.44.35207\include\xlocmon(298): note: while compiling class template 'std::money_get'
C:\Program Files\Microsoft Visual Studio\2022\Community\VC\Tools\MSVC\14.44.35207\include\xlocmon(310): error C2061: syntax error: identifier 'iostate'
C:\Program Files\Microsoft Visual Studio\2022\Community\VC\Tools\MSVC\14.44.35207\include\xlocmon(315): error C2039: 'iostate': is not a member of 'std::ios_base'
C:\Program Files\Microsoft Visual Studio\2022\Community\VC\Tools\MSVC\14.44.35207\include\iosfwd(165): note: see declaration of 'std::ios_base'
C:\Program Files\Microsoft Visual Studio\2022\Community\VC\Tools\MSVC\14.44.35207\include\xlocmon(315): error C2061: syntax error: identifier 'iostate'
C:\Program Files\Microsoft Visual Studio\2022\Community\VC\Tools\MSVC\14.44.35207\include\xlocmon(315): error C2535: '_InIt std::money_get<_Elem,_InIt>::get(_InIt,_InIt,bool,std::ios_base &) const': member function already defined or declared
C:\Program Files\Microsoft Visual Studio\2022\Community\VC\Tools\MSVC\14.44.35207\include\xlocmon(310): note: see declaration of 'std::money_get<_Elem,_InIt>::get'
C:\Program Files\Microsoft Visual Studio\2022\Community\VC\Tools\MSVC\14.44.35207\include\xlocmon(347): error C2039: 'iostate': is not a member of 'std::ios_base'
C:\Program Files\Microsoft Visual Studio\2022\Community\VC\Tools\MSVC\14.44.35207\include\iosfwd(165): note: see declaration of 'std::ios_base'
C:\Program Files\Microsoft Visual Studio\2022\Community\VC\Tools\MSVC\14.44.35207\include\xlocmon(347): error C2061: syntax error: identifier 'iostate'
C:\Program Files\Microsoft Visual Studio\2022\Community\VC\Tools\MSVC\14.44.35207\include\xlocmon(374): error C2039: 'iostate': is not a member of 'std::ios_base'
C:\Program Files\Microsoft Visual Studio\2022\Community\VC\Tools\MSVC\14.44.35207\include\iosfwd(165): note: see declaration of 'std::ios_base'
C:\Program Files\Microsoft Visual Studio\2022\Community\VC\Tools\MSVC\14.44.35207\include\xlocmon(374): error C2061: syntax error: identifier 'iostate'
C:\Program Files\Microsoft Visual Studio\2022\Community\VC\Tools\MSVC\14.44.35207\include\xlocmon(373): error C2535: '_InIt std::money_get<_Elem,_InIt>::do_get(_InIt,_InIt,bool,std::ios_base &) const': member function already defined or declared
C:\Program Files\Microsoft Visual Studio\2022\Community\VC\Tools\MSVC\14.44.35207\include\xlocmon(346): note: see declaration of 'std::money_get<_Elem,_InIt>::do_get'
C:\Program Files\Microsoft Visual Studio\2022\Community\VC\Tools\MSVC\14.44.35207\include\xlocmon(312): error C3861: '_State': identifier not found
C:\Program Files\Microsoft Visual Studio\2022\Community\VC\Tools\MSVC\14.44.35207\include\xlocmon(312): error C3861: '_Val': identifier not found
C:\Program Files\Microsoft Visual Studio\2022\Community\VC\Tools\MSVC\14.44.35207\include\xlocmon(312): error C2065: '_State': undeclared identifier
C:\Program Files\Microsoft Visual Studio\2022\Community\VC\Tools\MSVC\14.44.35207\include\xlocmon(312): error C2065: '_Val': undeclared identifier
C:\Program Files\Microsoft Visual Studio\2022\Community\VC\Tools\MSVC\14.44.35207\include\xlocmon(317): error C3861: '_State': identifier not found
C:\Program Files\Microsoft Visual Studio\2022\Community\VC\Tools\MSVC\14.44.35207\include\xlocmon(317): error C3861: '_Val': identifier not found
C:\Program Files\Microsoft Visual Studio\2022\Community\VC\Tools\MSVC\14.44.35207\include\xlocmon(317): error C2065: '_State': undeclared identifier
C:\Program Files\Microsoft Visual Studio\2022\Community\VC\Tools\MSVC\14.44.35207\include\xlocmon(317): error C2065: '_Val': undeclared identifier
C:\Program Files\Microsoft Visual Studio\2022\Community\VC\Tools\MSVC\14.44.35207\include\xlocmon(353): error C2065: '_State': undeclared identifier
C:\Program Files\Microsoft Visual Studio\2022\Community\VC\Tools\MSVC\14.44.35207\include\xlocmon(353): error C3861: '_State': identifier not found
C:\Program Files\Microsoft Visual Studio\2022\Community\VC\Tools\MSVC\14.44.35207\include\xlocmon(357): error C2065: '_State': undeclared identifier
C:\Program Files\Microsoft Visual Studio\2022\Community\VC\Tools\MSVC\14.44.35207\include\xlocmon(357): error C3861: '_State': identifier not found
C:\Program Files\Microsoft Visual Studio\2022\Community\VC\Tools\MSVC\14.44.35207\include\xlocmon(365): error C2065: '_State': undeclared identifier
C:\Program Files\Microsoft Visual Studio\2022\Community\VC\Tools\MSVC\14.44.35207\include\xlocmon(365): error C3861: '_State': identifier not found
C:\Program Files\Microsoft Visual Studio\2022\Community\VC\Tools\MSVC\14.44.35207\include\xlocmon(367): error C3861: '_Val': identifier not found
C:\Program Files\Microsoft Visual Studio\2022\Community\VC\Tools\MSVC\14.44.35207\include\xlocmon(367): error C2065: '_Val': undeclared identifier
C:\Program Files\Microsoft Visual Studio\2022\Community\VC\Tools\MSVC\14.44.35207\include\xlocmon(381): error C2065: '_State': undeclared identifier
C:\Program Files\Microsoft Visual Studio\2022\Community\VC\Tools\MSVC\14.44.35207\include\xlocmon(381): error C3861: '_State': identifier not found
C:\Program Files\Microsoft Visual Studio\2022\Community\VC\Tools\MSVC\14.44.35207\include\xlocmon(385): error C2065: '_State': undeclared identifier
C:\Program Files\Microsoft Visual Studio\2022\Community\VC\Tools\MSVC\14.44.35207\include\xlocmon(385): error C3861: '_State': identifier not found
C:\Program Files\Microsoft Visual Studio\2022\Community\VC\Tools\MSVC\14.44.35207\include\xlocmon(388): error C3861: '_Val': identifier not found
C:\Program Files\Microsoft Visual Studio\2022\Community\VC\Tools\MSVC\14.44.35207\include\xlocmon(390): error C3861: '_Val': identifier not found
C:\Program Files\Microsoft Visual Studio\2022\Community\VC\Tools\MSVC\14.44.35207\include\xlocmon(394): error C3861: '_Val': identifier not found
C:\Program Files\Microsoft Visual Studio\2022\Community\VC\Tools\MSVC\14.44.35207\include\xlocmon(388): error C2065: '_Val': undeclared identifier
C:\Program Files\Microsoft Visual Studio\2022\Community\VC\Tools\MSVC\14.44.35207\include\xlocmon(390): error C2065: '_Val': undeclared identifier
C:\Program Files\Microsoft Visual Studio\2022\Community\VC\Tools\MSVC\14.44.35207\include\xlocmon(394): error C2065: '_Val': undeclared identifier
C:\Program Files\Microsoft Visual Studio\2022\Community\VC\Tools\MSVC\14.44.35207\include\xlocmon(406): error C2027: use of undefined type 'std::ios_base'
C:\Program Files\Microsoft Visual Studio\2022\Community\VC\Tools\MSVC\14.44.35207\include\iosfwd(165): note: see declaration of 'std::ios_base'
C:\Program Files\Microsoft Visual Studio\2022\Community\VC\Tools\MSVC\14.44.35207\include\xlocmon(408): error C2027: use of undefined type 'std::ios_base'
C:\Program Files\Microsoft Visual Studio\2022\Community\VC\Tools\MSVC\14.44.35207\include\iosfwd(165): note: see declaration of 'std::ios_base'
C:\Program Files\Microsoft Visual Studio\2022\Community\VC\Tools\MSVC\14.44.35207\include\xlocmon(418): error C2027: use of undefined type 'std::ios_base'
C:\Program Files\Microsoft Visual Studio\2022\Community\VC\Tools\MSVC\14.44.35207\include\iosfwd(165): note: see declaration of 'std::ios_base'
C:\Program Files\Microsoft Visual Studio\2022\Community\VC\Tools\MSVC\14.44.35207\include\xlocmon(428): error C2027: use of undefined type 'std::ios_base'
C:\Program Files\Microsoft Visual Studio\2022\Community\VC\Tools\MSVC\14.44.35207\include\iosfwd(165): note: see declaration of 'std::ios_base'
C:\Program Files\Microsoft Visual Studio\2022\Community\VC\Tools\MSVC\14.44.35207\include\xlocmon(428): error C2027: use of undefined type 'std::ios_base'
C:\Program Files\Microsoft Visual Studio\2022\Community\VC\Tools\MSVC\14.44.35207\include\iosfwd(165): note: see declaration of 'std::ios_base'
C:\Program Files\Microsoft Visual Studio\2022\Community\VC\Tools\MSVC\14.44.35207\include\xlocmon(680): error C2027: use of undefined type 'std::ios_base'
C:\Program Files\Microsoft Visual Studio\2022\Community\VC\Tools\MSVC\14.44.35207\include\iosfwd(165): note: see declaration of 'std::ios_base'
C:\Program Files\Microsoft Visual Studio\2022\Community\VC\Tools\MSVC\14.44.35207\include\xlocmon(680): note: the template instantiation context (the oldest one first) is
C:\Program Files\Microsoft Visual Studio\2022\Community\VC\Tools\MSVC\14.44.35207\include\xlocmon(610): note: while compiling class template 'std::money_put'
C:\Program Files\Microsoft Visual Studio\2022\Community\VC\Tools\MSVC\14.44.35207\include\xlocmon(693): error C2027: use of undefined type 'std::ios_base'
C:\Program Files\Microsoft Visual Studio\2022\Community\VC\Tools\MSVC\14.44.35207\include\iosfwd(165): note: see declaration of 'std::ios_base'
C:\Program Files\Microsoft Visual Studio\2022\Community\VC\Tools\MSVC\14.44.35207\include\xlocmon(806): error C3878: syntax error: unexpected token '_Afl' following 'expression'
C:\Program Files\Microsoft Visual Studio\2022\Community\VC\Tools\MSVC\14.44.35207\include\xlocmon(806): error C2760: syntax error: ')' was unexpected here; expected ';'
C:\Program Files\Microsoft Visual Studio\2022\Community\VC\Tools\MSVC\14.44.35207\include\xlocmon(806): error C3878: syntax error: unexpected token ')' following 'expression-statement'
C:\Program Files\Microsoft Visual Studio\2022\Community\VC\Tools\MSVC\14.44.35207\include\xlocmon(807): error C2065: '_Afl': undeclared identifier
C:\Program Files\Microsoft Visual Studio\2022\Community\VC\Tools\MSVC\14.44.35207\include\xlocmon(807): error C2065: '_Afl': undeclared identifier
C:\Program Files\Microsoft Visual Studio\2022\Community\VC\Tools\MSVC\14.44.35207\include\xlocmon(846): error C2065: '_Afl': undeclared identifier
C:\Program Files\Microsoft Visual Studio\2022\Community\VC\Tools\MSVC\14.44.35207\include\xlocmon(310): error C2027: use of undefined type 'std::ios_base'
C:\Program Files\Microsoft Visual Studio\2022\Community\VC\Tools\MSVC\14.44.35207\include\iosfwd(165): note: see declaration of 'std::ios_base'
C:\Program Files\Microsoft Visual Studio\2022\Community\VC\Tools\MSVC\14.44.35207\include\xlocmon(310): note: the template instantiation context (the oldest one first) is
C:\Program Files\Microsoft Visual Studio\2022\Community\VC\Tools\MSVC\14.44.35207\include\xlocmon(901): note: see reference to class template instantiation 'std::money_get<char,std::istreambuf_iterator<char,std::char_traits<char>>>' being compiled
C:\Program Files\Microsoft Visual Studio\2022\Community\VC\Tools\MSVC\14.44.35207\include\xlocmon(315): error C2027: use of undefined type 'std::ios_base'
C:\Program Files\Microsoft Visual Studio\2022\Community\VC\Tools\MSVC\14.44.35207\include\iosfwd(165): note: see declaration of 'std::ios_base'
C:\Program Files\Microsoft Visual Studio\2022\Community\VC\Tools\MSVC\14.44.35207\include\xlocmon(315): error C2535: '_InIt std::money_get<char,_InIt>::get(_InIt,_InIt,bool,std::ios_base &) const': member function already defined or declared
        with
        [
            _InIt=std::istreambuf_iterator<char,std::char_traits<char>>
        ]
C:\Program Files\Microsoft Visual Studio\2022\Community\VC\Tools\MSVC\14.44.35207\include\xlocmon(310): note: see declaration of 'std::money_get<char,std::istreambuf_iterator<char,std::char_traits<char>>>::get'
C:\Program Files\Microsoft Visual Studio\2022\Community\VC\Tools\MSVC\14.44.35207\include\xlocmon(347): error C2027: use of undefined type 'std::ios_base'
C:\Program Files\Microsoft Visual Studio\2022\Community\VC\Tools\MSVC\14.44.35207\include\iosfwd(165): note: see declaration of 'std::ios_base'
C:\Program Files\Microsoft Visual Studio\2022\Community\VC\Tools\MSVC\14.44.35207\include\xlocmon(374): error C2027: use of undefined type 'std::ios_base'
C:\Program Files\Microsoft Visual Studio\2022\Community\VC\Tools\MSVC\14.44.35207\include\iosfwd(165): note: see declaration of 'std::ios_base'
C:\Program Files\Microsoft Visual Studio\2022\Community\VC\Tools\MSVC\14.44.35207\include\xlocmon(373): error C2535: '_InIt std::money_get<char,_InIt>::do_get(_InIt,_InIt,bool,std::ios_base &) const': member function already defined or declared
        with
        [
            _InIt=std::istreambuf_iterator<char,std::char_traits<char>>
        ]
C:\Program Files\Microsoft Visual Studio\2022\Community\VC\Tools\MSVC\14.44.35207\include\xlocmon(346): note: see declaration of 'std::money_get<char,std::istreambuf_iterator<char,std::char_traits<char>>>::do_get'
C:\Program Files\Microsoft Visual Studio\2022\Community\VC\Tools\MSVC\14.44.35207\include\xlocmon(315): error C2535: '_InIt std::money_get<wchar_t,_InIt>::get(_InIt,_InIt,bool,std::ios_base &) const': member function already defined or declared
        with
        [
            _InIt=std::istreambuf_iterator<wchar_t,std::char_traits<wchar_t>>
        ]

C:\Program Files\Microsoft Visual Studio\2022\Community\VC\Tools\MSVC\14.44.35207\include\chrono(83): error C7568: argument list missing after assumed function template 'ratio'
C:\Program Files\Microsoft Visual Studio\2022\Community\VC\Tools\MSVC\14.44.35207\include\chrono(84): error C2039: 'duration': is not a member of 'std::chrono'
C:\Program Files\Microsoft Visual Studio\2022\Community\VC\Tools\MSVC\14.44.35207\include\chrono(80): note: see declaration of 'std::chrono'
C:\Program Files\Microsoft Visual Studio\2022\Community\VC\Tools\MSVC\14.44.35207\include\chrono(84): error C2061: syntax error: identifier 'duration'
C:\Program Files\Microsoft Visual Studio\2022\Community\VC\Tools\MSVC\14.44.35207\include\chrono(85): error C2039: 'time_point': is not a member of 'std::chrono'
C:\Program Files\Microsoft Visual Studio\2022\Community\VC\Tools\MSVC\14.44.35207\include\chrono(80): note: see declaration of 'std::chrono'
C:\Program Files\Microsoft Visual Studio\2022\Community\VC\Tools\MSVC\14.44.35207\include\chrono(85): error C2061: syntax error: identifier 'time_point'
C:\Program Files\Microsoft Visual Studio\2022\Community\VC\Tools\MSVC\14.44.35207\include\chrono(88): error C3646: 'now': unknown override specifier
C:\Program Files\Microsoft Visual Studio\2022\Community\VC\Tools\MSVC\14.44.35207\include\chrono(88): error C2059: syntax error: ')'
C:\Program Files\Microsoft Visual Studio\2022\Community\VC\Tools\MSVC\14.44.35207\include\chrono(88): error C2334: unexpected token(s) preceding '{'; skipping apparent function body
C:\Program Files\Microsoft Visual Studio\2022\Community\VC\Tools\MSVC\14.44.35207\include\chrono(92): error C4430: missing type specifier - int assumed. Note: C++ does not support default-int
C:\Program Files\Microsoft Visual Studio\2022\Community\VC\Tools\MSVC\14.44.35207\include\chrono(92): error C2143: syntax error: missing ',' before '&'
C:\Program Files\Microsoft Visual Studio\2022\Community\VC\Tools\MSVC\14.44.35207\include\chrono(96): error C3646: 'from_time_t': unknown override specifier
C:\Program Files\Microsoft Visual Studio\2022\Community\VC\Tools\MSVC\14.44.35207\include\chrono(96): error C2275: '__time64_t': expected an expression instead of a type
C:\Program Files\Microsoft Visual Studio\2022\Community\VC\Tools\MSVC\14.44.35207\include\chrono(96): error C2146: syntax error: missing ')' before identifier '_Tm'
C:\Program Files\Microsoft Visual Studio\2022\Community\VC\Tools\MSVC\14.44.35207\include\chrono(96): error C2334: unexpected token(s) preceding '{'; skipping apparent function body
C:\Program Files\Microsoft Visual Studio\2022\Community\VC\Tools\MSVC\14.44.35207\include\chrono(99): error C3837: attributes are not allowed in this context
C:\Program Files\Microsoft Visual Studio\2022\Community\VC\Tools\MSVC\14.44.35207\include\chrono(93): error C2065: 'seconds': undeclared identifier
C:\Program Files\Microsoft Visual Studio\2022\Community\VC\Tools\MSVC\14.44.35207\include\chrono(93): error C2065: '_Time': undeclared identifier
C:\Program Files\Microsoft Visual Studio\2022\Community\VC\Tools\MSVC\14.44.35207\include\chrono(93): error C3861: 'duration_cast': identifier not found
C:\Program Files\Microsoft Visual Studio\2022\Community\VC\Tools\MSVC\14.44.35207\include\chrono(103): error C7568: argument list missing after assumed function template 'time_point'
C:\Program Files\Microsoft Visual Studio\2022\Community\VC\Tools\MSVC\14.44.35207\include\chrono(103): error C2187: syntax error: 'time_point' was unexpected here
C:\Program Files\Microsoft Visual Studio\2022\Community\VC\Tools\MSVC\14.44.35207\include\chrono(104): error C2065: 'seconds': undeclared identifier
C:\Program Files\Microsoft Visual Studio\2022\Community\VC\Tools\MSVC\14.44.35207\include\chrono(104): error C2923: 'std::chrono::sys_time': 'seconds' is not a valid template type argument for parameter '_Duration'
C:\Program Files\Microsoft Visual Studio\2022\Community\VC\Tools\MSVC\14.44.35207\include\chrono(104): note: see declaration of 'seconds'
C:\Program Files\Microsoft Visual Studio\2022\Community\VC\Tools\MSVC\14.44.35207\include\chrono(105): error C2065: 'days': undeclared identifier
C:\Program Files\Microsoft Visual Studio\2022\Community\VC\Tools\MSVC\14.44.35207\include\chrono(105): error C2923: 'std::chrono::sys_time': 'days' is not a valid template type argument for parameter '_Duration'
C:\Program Files\Microsoft Visual Studio\2022\Community\VC\Tools\MSVC\14.44.35207\include\chrono(105): note: see declaration of 'days'
C:\Program Files\Microsoft Visual Studio\2022\Community\VC\Tools\MSVC\14.44.35207\include\chrono(108): error C2061: syntax error: identifier 'steady_clock'
C:\Program Files\Microsoft Visual Studio\2022\Community\VC\Tools\MSVC\14.44.35207\include\chrono(124): error C3861: 'atto': identifier not found
C:\Program Files\Microsoft Visual Studio\2022\Community\VC\Tools\MSVC\14.44.35207\include\chrono(125): error C3861: 'femto': identifier not found
C:\Program Files\Microsoft Visual Studio\2022\Community\VC\Tools\MSVC\14.44.35207\include\chrono(126): error C3861: 'pico': identifier not found
C:\Program Files\Microsoft Visual Studio\2022\Community\VC\Tools\MSVC\14.44.35207\include\chrono(127): error C3861: 'nano': identifier not found
C:\Program Files\Microsoft Visual Studio\2022\Community\VC\Tools\MSVC\14.44.35207\include\chrono(128): error C3861: 'micro': identifier not found
C:\Program Files\Microsoft Visual Studio\2022\Community\VC\Tools\MSVC\14.44.35207\include\chrono(129): error C3861: 'milli': identifier not found
C:\Program Files\Microsoft Visual Studio\2022\Community\VC\Tools\MSVC\14.44.35207\include\chrono(130): error C3861: 'centi': identifier not found
C:\Program Files\Microsoft Visual Studio\2022\Community\VC\Tools\MSVC\14.44.35207\include\chrono(131): error C3861: 'deci': identifier not found
C:\Program Files\Microsoft Visual Studio\2022\Community\VC\Tools\MSVC\14.44.35207\include\chrono(132): error C3861: 'seconds': identifier not found
C:\Program Files\Microsoft Visual Studio\2022\Community\VC\Tools\MSVC\14.44.35207\include\chrono(133): error C3861: 'deca': identifier not found
C:\Program Files\Microsoft Visual Studio\2022\Community\VC\Tools\MSVC\14.44.35207\include\chrono(134): error C3861: 'hecto': identifier not found
C:\Program Files\Microsoft Visual Studio\2022\Community\VC\Tools\MSVC\14.44.35207\include\chrono(135): error C3861: 'kilo': identifier not found
C:\Program Files\Microsoft Visual Studio\2022\Community\VC\Tools\MSVC\14.44.35207\include\chrono(136): error C3861: 'mega': identifier not found
C:\Program Files\Microsoft Visual Studio\2022\Community\VC\Tools\MSVC\14.44.35207\include\chrono(137): error C3861: 'giga': identifier not found
C:\Program Files\Microsoft Visual Studio\2022\Community\VC\Tools\MSVC\14.44.35207\include\chrono(138): error C3861: 'tera': identifier not found
C:\Program Files\Microsoft Visual Studio\2022\Community\VC\Tools\MSVC\14.44.35207\include\chrono(139): error C3861: 'peta': identifier not found
C:\Program Files\Microsoft Visual Studio\2022\Community\VC\Tools\MSVC\14.44.35207\include\chrono(140): error C3861: 'exa': identifier not found
C:\Program Files\Microsoft Visual Studio\2022\Community\VC\Tools\MSVC\14.44.35207\include\chrono(141): error C3861: 'minutes': identifier not found
C:\Program Files\Microsoft Visual Studio\2022\Community\VC\Tools\MSVC\14.44.35207\include\chrono(142): error C3861: 'hours': identifier not found
C:\Program Files\Microsoft Visual Studio\2022\Community\VC\Tools\MSVC\14.44.35207\include\chrono(143): error C3861: 'ratio': identifier not found
C:\Program Files\Microsoft Visual Studio\2022\Community\VC\Tools\MSVC\14.44.35207\include\chrono(124): error C2065: 'atto': undeclared identifier
C:\Program Files\Microsoft Visual Studio\2022\Community\VC\Tools\MSVC\14.44.35207\include\chrono(125): error C2065: 'femto': undeclared identifier
C:\Program Files\Microsoft Visual Studio\2022\Community\VC\Tools\MSVC\14.44.35207\include\chrono(126): error C2065: 'pico': undeclared identifier
C:\Program Files\Microsoft Visual Studio\2022\Community\VC\Tools\MSVC\14.44.35207\include\chrono(127): error C2065: 'nano': undeclared identifier
C:\Program Files\Microsoft Visual Studio\2022\Community\VC\Tools\MSVC\14.44.35207\include\chrono(128): error C2065: 'micro': undeclared identifier
C:\Program Files\Microsoft Visual Studio\2022\Community\VC\Tools\MSVC\14.44.35207\include\chrono(129): error C2065: 'milli': undeclared identifier
C:\Program Files\Microsoft Visual Studio\2022\Community\VC\Tools\MSVC\14.44.35207\include\chrono(130): error C2065: 'centi': undeclared identifier
C:\Program Files\Microsoft Visual Studio\2022\Community\VC\Tools\MSVC\14.44.35207\include\chrono(131): error C2065: 'deci': undeclared identifier
C:\Program Files\Microsoft Visual Studio\2022\Community\VC\Tools\MSVC\14.44.35207\include\chrono(132): error C2065: 'seconds': undeclared identifier
C:\Program Files\Microsoft Visual Studio\2022\Community\VC\Tools\MSVC\14.44.35207\include\chrono(133): error C2065: 'deca': undeclared identifier
C:\Program Files\Microsoft Visual Studio\2022\Community\VC\Tools\MSVC\14.44.35207\include\chrono(134): error C2065: 'hecto': undeclared identifier
C:\Program Files\Microsoft Visual Studio\2022\Community\VC\Tools\MSVC\14.44.35207\include\chrono(135): error C2065: 'kilo': undeclared identifier
C:\Program Files\Microsoft Visual Studio\2022\Community\VC\Tools\MSVC\14.44.35207\include\chrono(136): error C2065: 'mega': undeclared identifier
C:\Program Files\Microsoft Visual Studio\2022\Community\VC\Tools\MSVC\14.44.35207\include\chrono(137): error C2065: 'giga': undeclared identifier
C:\Program Files\Microsoft Visual Studio\2022\Community\VC\Tools\MSVC\14.44.35207\include\chrono(138): error C2065: 'tera': undeclared identifier
C:\Program Files\Microsoft Visual Studio\2022\Community\VC\Tools\MSVC\14.44.35207\include\chrono(139): error C2065: 'peta': undeclared identifier
C:\Program Files\Microsoft Visual Studio\2022\Community\VC\Tools\MSVC\14.44.35207\include\chrono(140): error C2065: 'exa': undeclared identifier
C:\Program Files\Microsoft Visual Studio\2022\Community\VC\Tools\MSVC\14.44.35207\include\chrono(141): error C2065: 'minutes': undeclared identifier
C:\Program Files\Microsoft Visual Studio\2022\Community\VC\Tools\MSVC\14.44.35207\include\chrono(142): error C2065: 'hours': undeclared identifier
C:\Program Files\Microsoft Visual Studio\2022\Community\VC\Tools\MSVC\14.44.35207\include\chrono(184): error C7568: argument list missing after assumed function template 'duration'
C:\Program Files\Microsoft Visual Studio\2022\Community\VC\Tools\MSVC\14.44.35207\include\chrono(184): error C4430: missing type specifier - int assumed. Note: C++ does not support default-int
C:\Program Files\Microsoft Visual Studio\2022\Community\VC\Tools\MSVC\14.44.35207\include\chrono(184): error C2144: syntax error: '<error type>' should be preceded by ')'
C:\Program Files\Microsoft Visual Studio\2022\Community\VC\Tools\MSVC\14.44.35207\include\chrono(184): error C2144: syntax error: '<error type>' should be preceded by ';'
C:\Program Files\Microsoft Visual Studio\2022\Community\VC\Tools\MSVC\14.44.35207\include\chrono(184): error C2059: syntax error: ')'
C:\Program Files\Microsoft Visual Studio\2022\Community\VC\Tools\MSVC\14.44.35207\include\chrono(184): error C2447: '{': missing function header (old-style formal list?)
C:\Program Files\Microsoft Visual Studio\2022\Community\VC\Tools\MSVC\14.44.35207\include\chrono(198): error C7568: argument list missing after assumed function template 'time_point'
C:\Program Files\Microsoft Visual Studio\2022\Community\VC\Tools\MSVC\14.44.35207\include\chrono(198): error C2187: syntax error: 'time_point' was unexpected here
C:\Program Files\Microsoft Visual Studio\2022\Community\VC\Tools\MSVC\14.44.35207\include\chrono(199): error C2065: 'seconds': undeclared identifier
C:\Program Files\Microsoft Visual Studio\2022\Community\VC\Tools\MSVC\14.44.35207\include\chrono(199): error C2923: 'std::chrono::local_time': 'seconds' is not a valid template type argument for parameter '_Duration'
C:\Program Files\Microsoft Visual Studio\2022\Community\VC\Tools\MSVC\14.44.35207\include\chrono(199): note: see declaration of 'seconds'
C:\Program Files\Microsoft Visual Studio\2022\Community\VC\Tools\MSVC\14.44.35207\include\chrono(200): error C2065: 'days': undeclared identifier
C:\Program Files\Microsoft Visual Studio\2022\Community\VC\Tools\MSVC\14.44.35207\include\chrono(200): error C2923: 'std::chrono::local_time': 'days' is not a valid template type argument for parameter '_Duration'
C:\Program Files\Microsoft Visual Studio\2022\Community\VC\Tools\MSVC\14.44.35207\include\chrono(200): note: see declaration of 'days'
C:\Program Files\Microsoft Visual Studio\2022\Community\VC\Tools\MSVC\14.44.35207\include\chrono(227): error C4430: missing type specifier - int assumed. Note: C++ does not support default-int
C:\Program Files\Microsoft Visual Studio\2022\Community\VC\Tools\MSVC\14.44.35207\include\chrono(227): error C2143: syntax error: missing ',' before '&'
C:\Program Files\Microsoft Visual Studio\2022\Community\VC\Tools\MSVC\14.44.35207\include\chrono(231): error C4430: missing type specifier - int assumed. Note: C++ does not support default-int
C:\Program Files\Microsoft Visual Studio\2022\Community\VC\Tools\MSVC\14.44.35207\include\chrono(231): error C2143: syntax error: missing ',' before '&'
C:\Program Files\Microsoft Visual Studio\2022\Community\VC\Tools\MSVC\14.44.35207\include\chrono(228): error C2065: '_Days': undeclared identifier
C:\Program Files\Microsoft Visual Studio\2022\Community\VC\Tools\MSVC\14.44.35207\include\chrono(232): error C2065: '_Days': undeclared identifier
C:\Program Files\Microsoft Visual Studio\2022\Community\VC\Tools\MSVC\14.44.35207\include\chrono(254): error C4430: missing type specifier - int assumed. Note: C++ does not support default-int
C:\Program Files\Microsoft Visual Studio\2022\Community\VC\Tools\MSVC\14.44.35207\include\chrono(254): error C2143: syntax error: missing ',' before '&'
C:\Program Files\Microsoft Visual Studio\2022\Community\VC\Tools\MSVC\14.44.35207\include\chrono(255): error C2065: '_Right': undeclared identifier
C:\Program Files\Microsoft Visual Studio\2022\Community\VC\Tools\MSVC\14.44.35207\include\chrono(257): error C4430: missing type specifier - int assumed. Note: C++ does not support default-int
C:\Program Files\Microsoft Visual Studio\2022\Community\VC\Tools\MSVC\14.44.35207\include\chrono(257): error C2143: syntax error: missing ',' before '&'
C:\Program Files\Microsoft Visual Studio\2022\Community\VC\Tools\MSVC\14.44.35207\include\chrono(257): error C2803: operator '+' must have at least one parameter of class type
C:\Program Files\Microsoft Visual Studio\2022\Community\VC\Tools\MSVC\14.44.35207\include\chrono(258): error C2065: '_Right': undeclared identifier
C:\Program Files\Microsoft Visual Studio\2022\Community\VC\Tools\MSVC\14.44.35207\include\chrono(258): error C2065: '_Left': undeclared identifier
C:\Program Files\Microsoft Visual Studio\2022\Community\VC\Tools\MSVC\14.44.35207\include\chrono(257): error C3615: constexpr function 'std::chrono::operator +' cannot result in a constant expression
C:\Program Files\Microsoft Visual Studio\2022\Community\VC\Tools\MSVC\14.44.35207\include\chrono(257): note: failure was caused by control reaching the end of a constexpr function
C:\Program Files\Microsoft Visual Studio\2022\Community\VC\Tools\MSVC\14.44.35207\include\chrono(260): error C4430: missing type specifier - int assumed. Note: C++ does not support default-int
C:\Program Files\Microsoft Visual Studio\2022\Community\VC\Tools\MSVC\14.44.35207\include\chrono(260): error C2143: syntax error: missing ',' before '&'
C:\Program Files\Microsoft Visual Studio\2022\Community\VC\Tools\MSVC\14.44.35207\include\chrono(261): error C2065: '_Right': undeclared identifier
C:\Program Files\Microsoft Visual Studio\2022\Community\VC\Tools\MSVC\14.44.35207\include\chrono(263): error C2143: syntax error: missing ';' before '-'
C:\Program Files\Microsoft Visual Studio\2022\Community\VC\Tools\MSVC\14.44.35207\include\chrono(263): error C4430: missing type specifier - int assumed. Note: C++ does not support default-int
C:\Program Files\Microsoft Visual Studio\2022\Community\VC\Tools\MSVC\14.44.35207\include\chrono(263): error C2737: 'std::chrono::days': constexpr object must be initialized
C:\Program Files\Microsoft Visual Studio\2022\Community\VC\Tools\MSVC\14.44.35207\include\chrono(263): warning C4869: 'nodiscard' may only be applied to classes, enumerations, and functions
C:\Program Files\Microsoft Visual Studio\2022\Community\VC\Tools\MSVC\14.44.35207\include\chrono(263): error C4430: missing type specifier - int assumed. Note: C++ does not support default-int
C:\Program Files\Microsoft Visual Studio\2022\Community\VC\Tools\MSVC\14.44.35207\include\chrono(264): error C2064: term does not evaluate to a function taking 1 arguments
C:\Program Files\Microsoft Visual Studio\2022\Community\VC\Tools\MSVC\14.44.35207\include\chrono(264): warning C4508: 'std::chrono::operator -': function should return a value; 'void' return type assumed
C:\Program Files\Microsoft Visual Studio\2022\Community\VC\Tools\MSVC\14.44.35207\include\chrono(266): error C2617: 'std::chrono::operator -': inconsistent return statement
C:\Program Files\Microsoft Visual Studio\2022\Community\VC\Tools\MSVC\14.44.35207\include\chrono(263): note: see declaration of 'std::chrono::operator -'
C:\Program Files\Microsoft Visual Studio\2022\Community\VC\Tools\MSVC\14.44.35207\include\chrono(292): error C4430: missing type specifier - int assumed. Note: C++ does not support default-int
C:\Program Files\Microsoft Visual Studio\2022\Community\VC\Tools\MSVC\14.44.35207\include\chrono(292): error C2143: syntax error: missing ',' before '&'
C:\Program Files\Microsoft Visual Studio\2022\Community\VC\Tools\MSVC\14.44.35207\include\chrono(293): error C4430: missing type specifier - int assumed. Note: C++ does not support default-int
C:\Program Files\Microsoft Visual Studio\2022\Community\VC\Tools\MSVC\14.44.35207\include\chrono(293): error C2143: syntax error: missing ',' before '&'
C:\Program Files\Microsoft Visual Studio\2022\Community\VC\Tools\MSVC\14.44.35207\include\chrono(293): fatal error C1003: error count exceeds 100; stopping compilation
C:\Program Files\Microsoft Visual Studio\2022\Community\VC\Tools\MSVC\14.44.35207\include\__msvc_chrono.hpp(657): error C3861: '_Query_perf_frequency': identifier not found
C:\Program Files\Microsoft Visual Studio\2022\Community\VC\Tools\MSVC\14.44.35207\include\__msvc_chrono.hpp(658): error C3861: '_Query_perf_counter': identifier not found
C:\Program Files\Microsoft Visual Studio\2022\Community\VC\Tools\MSVC\14.44.35207\include\xlocale(453): error C3878: syntax error: unexpected token '_Psave_guard' following 'expression'
C:\Program Files\Microsoft Visual Studio\2022\Community\VC\Tools\MSVC\14.44.35207\include\iosfwd(142): note: This diagnostic occurred in the compiler generated function 'const _Facet &std::use_facet(const std::locale &)'
C:\Program Files\Microsoft Visual Studio\2022\Community\VC\Tools\MSVC\14.44.35207\include\xlocale(453): error C2760: syntax error: ')' was unexpected here; expected ';'
C:\Program Files\Microsoft Visual Studio\2022\Community\VC\Tools\MSVC\14.44.35207\include\iosfwd(142): note: This diagnostic occurred in the compiler generated function 'const _Facet &std::use_facet(const std::locale &)'
C:\Program Files\Microsoft Visual Studio\2022\Community\VC\Tools\MSVC\14.44.35207\include\xlocale(453): error C3878: syntax error: unexpected token ')' following 'expression-statement'
C:\Program Files\Microsoft Visual Studio\2022\Community\VC\Tools\MSVC\14.44.35207\include\iosfwd(142): note: This diagnostic occurred in the compiler generated function 'const _Facet &std::use_facet(const std::locale &)'
C:\Program Files\Microsoft Visual Studio\2022\Community\VC\Tools\MSVC\14.44.35207\include\xlocale(453): error C3878: syntax error: unexpected token ')' following 'statement'
C:\Program Files\Microsoft Visual Studio\2022\Community\VC\Tools\MSVC\14.44.35207\include\iosfwd(142): note: This diagnostic occurred in the compiler generated function 'const _Facet &std::use_facet(const std::locale &)'
C:\Program Files\Microsoft Visual Studio\2022\Community\VC\Tools\MSVC\14.44.35207\include\xlocale(453): error C3878: syntax error: unexpected token ')' following 'statement-seq'
C:\Program Files\Microsoft Visual Studio\2022\Community\VC\Tools\MSVC\14.44.35207\include\xlocale(453): note: missing one of:  '}' ?
C:\Program Files\Microsoft Visual Studio\2022\Community\VC\Tools\MSVC\14.44.35207\include\iosfwd(142): note: This diagnostic occurred in the compiler generated function 'const _Facet &std::use_facet(const std::locale &)'
C:\Program Files\Microsoft Visual Studio\2022\Community\VC\Tools\MSVC\14.44.35207\include\xlocale(453): error C2760: syntax error: ')' was unexpected here; expected '}'
C:\Program Files\Microsoft Visual Studio\2022\Community\VC\Tools\MSVC\14.44.35207\include\iosfwd(142): note: This diagnostic occurred in the compiler generated function 'const _Facet &std::use_facet(const std::locale &)'
C:\Program Files\Microsoft Visual Studio\2022\Community\VC\Tools\MSVC\14.44.35207\include\xlocale(453): error C3878: syntax error: unexpected token ')' following 'compound-statement'
C:\Program Files\Microsoft Visual Studio\2022\Community\VC\Tools\MSVC\14.44.35207\include\iosfwd(142): note: This diagnostic occurred in the compiler generated function 'const _Facet &std::use_facet(const std::locale &)'
C:\Program Files\Microsoft Visual Studio\2022\Community\VC\Tools\MSVC\14.44.35207\include\xlocale(453): error C3878: syntax error: unexpected token ')' following 'selection-statement'
C:\Program Files\Microsoft Visual Studio\2022\Community\VC\Tools\MSVC\14.44.35207\include\iosfwd(142): note: This diagnostic occurred in the compiler generated function 'const _Facet &std::use_facet(const std::locale &)'
C:\Program Files\Microsoft Visual Studio\2022\Community\VC\Tools\MSVC\14.44.35207\include\xlocale(458): error C2065: '_Pfmod': undeclared identifier
C:\Program Files\Microsoft Visual Studio\2022\Community\VC\Tools\MSVC\14.44.35207\include\iosfwd(142): note: This diagnostic occurred in the compiler generated function 'const _Facet &std::use_facet(const std::locale &)'
C:\Program Files\Microsoft Visual Studio\2022\Community\VC\Tools\MSVC\14.44.35207\include\xlocale(461): error C2065: '_Pfmod': undeclared identifier
C:\Program Files\Microsoft Visual Studio\2022\Community\VC\Tools\MSVC\14.44.35207\include\iosfwd(142): note: This diagnostic occurred in the compiler generated function 'const _Facet &std::use_facet(const std::locale &)'
C:\Program Files\Microsoft Visual Studio\2022\Community\VC\Tools\MSVC\14.44.35207\include\xlocale(465): error C2065: '_Psave_guard': undeclared identifier
C:\Program Files\Microsoft Visual Studio\2022\Community\VC\Tools\MSVC\14.44.35207\include\iosfwd(142): note: This diagnostic occurred in the compiler generated function 'const _Facet &std::use_facet(const std::locale &)'
C:\Program Files\Microsoft Visual Studio\2022\Community\VC\Tools\MSVC\14.44.35207\include\chrono(89): error C3861: '_Xtime_get_ticks': identifier not found
C:\Program Files\Microsoft Visual Studio\2022\Community\VC\Tools\MSVC\14.44.35207\include\chrono(89): fatal error C1907: unable to recover from previous error(s); stopping compilation
C:\Program Files\Microsoft Visual Studio\2022\Community\VC\Tools\MSVC\14.44.35207\include\__msvc_chrono.hpp(657): error C3861: '_Query_perf_frequency': identifier not found
C:\Program Files\Microsoft Visual Studio\2022\Community\VC\Tools\MSVC\14.44.35207\include\__msvc_chrono.hpp(658): error C3861: '_Query_perf_counter': identifier not found
C:\Program Files\Microsoft Visual Studio\2022\Community\VC\Tools\MSVC\14.44.35207\include\xlocale(453): error C3878: syntax error: unexpected token '_Psave_guard' following 'expression'
C:\Program Files\Microsoft Visual Studio\2022\Community\VC\Tools\MSVC\14.44.35207\include\iosfwd(142): note: This diagnostic occurred in the compiler generated function 'const _Facet &std::use_facet(const std::locale &)'
C:\Program Files\Microsoft Visual Studio\2022\Community\VC\Tools\MSVC\14.44.35207\include\xlocale(453): error C2760: syntax error: ')' was unexpected here; expected ';'
C:\Program Files\Microsoft Visual Studio\2022\Community\VC\Tools\MSVC\14.44.35207\include\iosfwd(142): note: This diagnostic occurred in the compiler generated function 'const _Facet &std::use_facet(const std::locale &)'
C:\Program Files\Microsoft Visual Studio\2022\Community\VC\Tools\MSVC\14.44.35207\include\xlocale(453): error C3878: syntax error: unexpected token ')' following 'expression-statement'
C:\Program Files\Microsoft Visual Studio\2022\Community\VC\Tools\MSVC\14.44.35207\include\iosfwd(142): note: This diagnostic occurred in the compiler generated function 'const _Facet &std::use_facet(const std::locale &)'
C:\Program Files\Microsoft Visual Studio\2022\Community\VC\Tools\MSVC\14.44.35207\include\xlocale(453): error C3878: syntax error: unexpected token ')' following 'statement'
C:\Program Files\Microsoft Visual Studio\2022\Community\VC\Tools\MSVC\14.44.35207\include\iosfwd(142): note: This diagnostic occurred in the compiler generated function 'const _Facet &std::use_facet(const std::locale &)'
C:\Program Files\Microsoft Visual Studio\2022\Community\VC\Tools\MSVC\14.44.35207\include\xlocale(453): error C3878: syntax error: unexpected token ')' following 'statement-seq'
C:\Program Files\Microsoft Visual Studio\2022\Community\VC\Tools\MSVC\14.44.35207\include\xlocale(453): note: missing one of:  '}' ?
C:\Program Files\Microsoft Visual Studio\2022\Community\VC\Tools\MSVC\14.44.35207\include\iosfwd(142): note: This diagnostic occurred in the compiler generated function 'const _Facet &std::use_facet(const std::locale &)'
C:\Program Files\Microsoft Visual Studio\2022\Community\VC\Tools\MSVC\14.44.35207\include\xlocale(453): error C2760: syntax error: ')' was unexpected here; expected '}'
C:\Program Files\Microsoft Visual Studio\2022\Community\VC\Tools\MSVC\14.44.35207\include\iosfwd(142): note: This diagnostic occurred in the compiler generated function 'const _Facet &std::use_facet(const std::locale &)'
C:\Program Files\Microsoft Visual Studio\2022\Community\VC\Tools\MSVC\14.44.35207\include\xlocale(453): error C3878: syntax error: unexpected token ')' following 'compound-statement'
C:\Program Files\Microsoft Visual Studio\2022\Community\VC\Tools\MSVC\14.44.35207\include\iosfwd(142): note: This diagnostic occurred in the compiler generated function 'const _Facet &std::use_facet(const std::locale &)'
C:\Program Files\Microsoft Visual Studio\2022\Community\VC\Tools\MSVC\14.44.35207\include\xlocale(453): error C3878: syntax error: unexpected token ')' following 'selection-statement'
C:\Program Files\Microsoft Visual Studio\2022\Community\VC\Tools\MSVC\14.44.35207\include\iosfwd(142): note: This diagnostic occurred in the compiler generated function 'const _Facet &std::use_facet(const std::locale &)'
C:\Program Files\Microsoft Visual Studio\2022\Community\VC\Tools\MSVC\14.44.35207\include\xlocale(458): error C2065: '_Pfmod': undeclared identifier
C:\Program Files\Microsoft Visual Studio\2022\Community\VC\Tools\MSVC\14.44.35207\include\iosfwd(142): note: This diagnostic occurred in the compiler generated function 'const _Facet &std::use_facet(const std::locale &)'
C:\Program Files\Microsoft Visual Studio\2022\Community\VC\Tools\MSVC\14.44.35207\include\xlocale(461): error C2065: '_Pfmod': undeclared identifier
C:\Program Files\Microsoft Visual Studio\2022\Community\VC\Tools\MSVC\14.44.35207\include\iosfwd(142): note: This diagnostic occurred in the compiler generated function 'const _Facet &std::use_facet(const std::locale &)'
C:\Program Files\Microsoft Visual Studio\2022\Community\VC\Tools\MSVC\14.44.35207\include\xlocale(465): error C2065: '_Psave_guard': undeclared identifier
C:\Program Files\Microsoft Visual Studio\2022\Community\VC\Tools\MSVC\14.44.35207\include\iosfwd(142): note: This diagnostic occurred in the compiler generated function 'const _Facet &std::use_facet(const std::locale &)'
C:\Program Files\Microsoft Visual Studio\2022\Community\VC\Tools\MSVC\14.44.35207\include\chrono(89): error C3861: '_Xtime_get_ticks': identifier not found
C:\Program Files\Microsoft Visual Studio\2022\Community\VC\Tools\MSVC\14.44.35207\include\chrono(89): fatal error C1907: unable to recover from previous error(s); stopping compilation
INTERNAL COMPILER ERROR in 'C:\PROGRA~1\MICROS~3\2022\COMMUN~1\VC\Tools\MSVC\1444~1.352\bin\Hostx64\x64\cl.exe'
    Please choose the Technical Support command on the Visual C++
    Help menu, or open the Technical Support help file for more information
\core\time.cpp.obj /FdCMakeFiles\VulkanSandbox.dir\ /FS -c C:\Users\Nuri\Desktop\VulkanAPI\engine\core\time.cpp
C:\Users\Nuri\Desktop\VulkanAPI\engine\core\time.h(23): error C3083: 'chrono': the symbol to the left of a '::' must be a type
C:\Users\Nuri\Desktop\VulkanAPI\engine\core\time.h(23): error C2039: 'high_resolution_clock': is not a member of 'std'
C:\Program Files\Microsoft Visual Studio\2022\Community\VC\Tools\MSVC\14.44.35207\include\cstdint(20): note: see declaration of 'std'
C:\Users\Nuri\Desktop\VulkanAPI\engine\core\time.h(23): error C2061: syntax error: identifier 'high_resolution_clock'
C:\Users\Nuri\Desktop\VulkanAPI\engine\core\time.h(24): error C3083: 'chrono': the symbol to the left of a '::' must be a type
C:\Users\Nuri\Desktop\VulkanAPI\engine\core\time.h(24): error C2039: 'time_point': is not a member of 'std'
C:\Program Files\Microsoft Visual Studio\2022\Community\VC\Tools\MSVC\14.44.35207\include\cstdint(20): note: see declaration of 'std'
C:\Users\Nuri\Desktop\VulkanAPI\engine\core\time.h(24): error C2061: syntax error: identifier 'time_point'
C:\Users\Nuri\Desktop\VulkanAPI\engine\core\time.h(26): error C3646: 'm_startTime': unknown override specifier
C:\Users\Nuri\Desktop\VulkanAPI\engine\core\time.h(26): error C4430: missing type specifier - int assumed. Note: C++ does not support default-int
C:\Users\Nuri\Desktop\VulkanAPI\engine\core\time.h(27): error C3646: 'm_lastFrame': unknown override specifier
C:\Users\Nuri\Desktop\VulkanAPI\engine\core\time.h(27): error C4430: missing type specifier - int assumed. Note: C++ does not support default-int
C:\Program Files\Microsoft Visual Studio\2022\Community\VC\Tools\MSVC\14.44.35207\include\ctime(21): error C2039: 'clock_t': is not a member of '`global namespace''
C:\Program Files\Microsoft Visual Studio\2022\Community\VC\Tools\MSVC\14.44.35207\include\ctime(21): error C2873: 'clock_t': symbol cannot be used in a using-declaration
C:\Program Files\Microsoft Visual Studio\2022\Community\VC\Tools\MSVC\14.44.35207\include\ctime(24): error C2039: 'tm': is not a member of '`global namespace''
C:\Program Files\Microsoft Visual Studio\2022\Community\VC\Tools\MSVC\14.44.35207\include\ctime(24): error C2873: 'tm': symbol cannot be used in a using-declaration
C:\Program Files\Microsoft Visual Studio\2022\Community\VC\Tools\MSVC\14.44.35207\include\ctime(25): error C2039: 'asctime': is not a member of '`global namespace''
C:\Program Files\Microsoft Visual Studio\2022\Community\VC\Tools\MSVC\14.44.35207\include\ctime(25): error C2873: 'asctime': symbol cannot be used in a using-declaration
C:\Program Files\Microsoft Visual Studio\2022\Community\VC\Tools\MSVC\14.44.35207\include\ctime(26): error C2039: 'clock': is not a member of '`global namespace''
C:\Program Files\Microsoft Visual Studio\2022\Community\VC\Tools\MSVC\14.44.35207\include\ctime(26): error C2873: 'clock': symbol cannot be used in a using-declaration
C:\Program Files\Microsoft Visual Studio\2022\Community\VC\Tools\MSVC\14.44.35207\include\ctime(27): error C2039: 'strftime': is not a member of '`global namespace''
C:\Program Files\Microsoft Visual Studio\2022\Community\VC\Tools\MSVC\14.44.35207\include\ctime(27): error C2873: 'strftime': symbol cannot be used in a using-declaration
C:\Program Files\Microsoft Visual Studio\2022\Community\VC\Tools\MSVC\14.44.35207\include\ctime(29): error C2039: 'timespec': is not a member of '`global namespace''
C:\Program Files\Microsoft Visual Studio\2022\Community\VC\Tools\MSVC\14.44.35207\include\ctime(29): error C2873: 'timespec': symbol cannot be used in a using-declaration
C:\Program Files\Microsoft Visual Studio\2022\Community\VC\Tools\MSVC\14.44.35207\include\ctime(79): error C2039: 'ctime': is not a member of '`global namespace''
C:\Program Files\Microsoft Visual Studio\2022\Community\VC\Tools\MSVC\14.44.35207\include\ctime(79): error C2873: 'ctime': symbol cannot be used in a using-declaration
C:\Program Files\Microsoft Visual Studio\2022\Community\VC\Tools\MSVC\14.44.35207\include\ctime(80): error C2039: 'difftime': is not a member of '`global namespace''
C:\Program Files\Microsoft Visual Studio\2022\Community\VC\Tools\MSVC\14.44.35207\include\ctime(80): error C2873: 'difftime': symbol cannot be used in a using-declaration
C:\Program Files\Microsoft Visual Studio\2022\Community\VC\Tools\MSVC\14.44.35207\include\ctime(81): error C2039: 'gmtime': is not a member of '`global namespace''
C:\Program Files\Microsoft Visual Studio\2022\Community\VC\Tools\MSVC\14.44.35207\include\ctime(81): error C2873: 'gmtime': symbol cannot be used in a using-declaration
C:\Program Files\Microsoft Visual Studio\2022\Community\VC\Tools\MSVC\14.44.35207\include\ctime(82): error C2039: 'localtime': is not a member of '`global namespace''
C:\Program Files\Microsoft Visual Studio\2022\Community\VC\Tools\MSVC\14.44.35207\include\ctime(82): error C2873: 'localtime': symbol cannot be used in a using-declaration
C:\Program Files\Microsoft Visual Studio\2022\Community\VC\Tools\MSVC\14.44.35207\include\ctime(83): error C2039: 'mktime': is not a member of '`global namespace''
C:\Program Files\Microsoft Visual Studio\2022\Community\VC\Tools\MSVC\14.44.35207\include\ctime(83): error C2873: 'mktime': symbol cannot be used in a using-declaration
C:\Program Files\Microsoft Visual Studio\2022\Community\VC\Tools\MSVC\14.44.35207\include\ctime(84): error C2039: 'time': is not a member of '`global namespace''
C:\Program Files\Microsoft Visual Studio\2022\Community\VC\Tools\MSVC\14.44.35207\include\ctime(84): error C2873: 'time': symbol cannot be used in a using-declaration
C:\Program Files\Microsoft Visual Studio\2022\Community\VC\Tools\MSVC\14.44.35207\include\ctime(86): error C2039: 'timespec_get': is not a member of '`global namespace''
C:\Program Files\Microsoft Visual Studio\2022\Community\VC\Tools\MSVC\14.44.35207\include\ctime(86): error C2873: 'timespec_get': symbol cannot be used in a using-declaration
C:\Users\Nuri\Desktop\VulkanAPI\engine\core\time.h(8): error C2011: 'Core::Time': 'class' type redefinition
C:\Users\Nuri\Desktop\VulkanAPI\engine\core\time.h(8): note: see declaration of 'Core::Time'
C:\Users\Nuri\Desktop\VulkanAPI\engine\core\time.cpp(6): error C2027: use of undefined type 'Core::Time'
C:\Users\Nuri\Desktop\VulkanAPI\engine\core\time.h(8): note: see declaration of 'Core::Time'
C:\Users\Nuri\Desktop\VulkanAPI\engine\core\time.cpp(6): error C4430: missing type specifier - int assumed. Note: C++ does not support default-int
C:\Users\Nuri\Desktop\VulkanAPI\engine\core\time.cpp(7): error C2065: 'm_startTime': undeclared identifier
C:\Users\Nuri\Desktop\VulkanAPI\engine\core\time.cpp(7): error C2653: 'Clock': is not a class or namespace name
C:\Users\Nuri\Desktop\VulkanAPI\engine\core\time.cpp(7): error C3861: 'now': identifier not found
C:\Users\Nuri\Desktop\VulkanAPI\engine\core\time.cpp(8): error C2065: 'm_lastFrame': undeclared identifier
C:\Users\Nuri\Desktop\VulkanAPI\engine\core\time.cpp(8): error C2065: 'm_startTime': undeclared identifier
C:\Users\Nuri\Desktop\VulkanAPI\engine\core\time.cpp(9): warning C4508: 'Core::{ctor}': function should return a value; 'void' return type assumed
C:\Users\Nuri\Desktop\VulkanAPI\engine\core\time.cpp(11): error C2027: use of undefined type 'Core::Time'
C:\Users\Nuri\Desktop\VulkanAPI\engine\core\time.h(8): note: see declaration of 'Core::Time'
C:\Users\Nuri\Desktop\VulkanAPI\engine\core\time.cpp(12): error C2065: 'TimePoint': undeclared identifier
C:\Users\Nuri\Desktop\VulkanAPI\engine\core\time.cpp(12): error C2146: syntax error: missing ';' before identifier 'currentFrame'
C:\Users\Nuri\Desktop\VulkanAPI\engine\core\time.cpp(12): error C2065: 'currentFrame': undeclared identifier
C:\Users\Nuri\Desktop\VulkanAPI\engine\core\time.cpp(12): error C2653: 'Clock': is not a class or namespace name
C:\Users\Nuri\Desktop\VulkanAPI\engine\core\time.cpp(12): error C3861: 'now': identifier not found
C:\Users\Nuri\Desktop\VulkanAPI\engine\core\time.cpp(15): error C2065: 'currentFrame': undeclared identifier
C:\Users\Nuri\Desktop\VulkanAPI\engine\core\time.cpp(15): error C2065: 'm_lastFrame': undeclared identifier
C:\Users\Nuri\Desktop\VulkanAPI\engine\core\time.cpp(16): error C2065: 'm_deltaTime': undeclared identifier
C:\Users\Nuri\Desktop\VulkanAPI\engine\core\time.cpp(16): error C2065: 'm_timeScale': undeclared identifier
C:\Users\Nuri\Desktop\VulkanAPI\engine\core\time.cpp(17): error C2065: 'm_frameTime': undeclared identifier
C:\Users\Nuri\Desktop\VulkanAPI\engine\core\time.cpp(20): error C2065: 'currentFrame': undeclared identifier
C:\Users\Nuri\Desktop\VulkanAPI\engine\core\time.cpp(20): error C2065: 'm_startTime': undeclared identifier
C:\Users\Nuri\Desktop\VulkanAPI\engine\core\time.cpp(21): error C2065: 'm_time': undeclared identifier
C:\Users\Nuri\Desktop\VulkanAPI\engine\core\time.cpp(24): error C2065: 'm_frameCount': undeclared identifier
C:\Users\Nuri\Desktop\VulkanAPI\engine\core\time.cpp(25): error C2065: 'm_fpsAccumulator': undeclared identifier
C:\Users\Nuri\Desktop\VulkanAPI\engine\core\time.cpp(27): error C2065: 'm_fpsAccumulator': undeclared identifier
C:\Users\Nuri\Desktop\VulkanAPI\engine\core\time.cpp(28): error C2065: 'm_fps': undeclared identifier
C:\Users\Nuri\Desktop\VulkanAPI\engine\core\time.cpp(28): error C2065: 'm_frameCount': undeclared identifier
C:\Users\Nuri\Desktop\VulkanAPI\engine\core\time.cpp(29): error C2065: 'm_frameCount': undeclared identifier
C:\Users\Nuri\Desktop\VulkanAPI\engine\core\time.cpp(30): error C2065: 'm_fpsAccumulator': undeclared identifier
C:\Users\Nuri\Desktop\VulkanAPI\engine\core\time.cpp(33): error C2065: 'm_lastFrame': undeclared identifier
C:\Users\Nuri\Desktop\VulkanAPI\engine\core\time.cpp(33): error C2065: 'currentFrame': undeclared identifier
\core\application.cpp.obj /FdCMakeFiles\VulkanSandbox.dir\ /FS -c C:\Users\Nuri\Desktop\VulkanAPI\engine\core\application.cpp
C:\Program Files\Microsoft Visual Studio\2022\Community\VC\Tools\MSVC\14.44.35207\include\__msvc_chrono.hpp(657): error C3861: '_Query_perf_frequency': identifier not found
C:\Program Files\Microsoft Visual Studio\2022\Community\VC\Tools\MSVC\14.44.35207\include\__msvc_chrono.hpp(658): error C3861: '_Query_perf_counter': identifier not found
C:\Program Files\Microsoft Visual Studio\2022\Community\VC\Tools\MSVC\14.44.35207\include\xlocale(453): error C3878: syntax error: unexpected token '_Psave_guard' following 'expression'
C:\Program Files\Microsoft Visual Studio\2022\Community\VC\Tools\MSVC\14.44.35207\include\iosfwd(142): note: This diagnostic occurred in the compiler generated function 'const _Facet &std::use_facet(const std::locale &)'
C:\Program Files\Microsoft Visual Studio\2022\Community\VC\Tools\MSVC\14.44.35207\include\xlocale(453): error C2760: syntax error: ')' was unexpected here; expected ';'
C:\Program Files\Microsoft Visual Studio\2022\Community\VC\Tools\MSVC\14.44.35207\include\iosfwd(142): note: This diagnostic occurred in the compiler generated function 'const _Facet &std::use_facet(const std::locale &)'
C:\Program Files\Microsoft Visual Studio\2022\Community\VC\Tools\MSVC\14.44.35207\include\xlocale(453): error C3878: syntax error: unexpected token ')' following 'expression-statement'
C:\Program Files\Microsoft Visual Studio\2022\Community\VC\Tools\MSVC\14.44.35207\include\iosfwd(142): note: This diagnostic occurred in the compiler generated function 'const _Facet &std::use_facet(const std::locale &)'
C:\Program Files\Microsoft Visual Studio\2022\Community\VC\Tools\MSVC\14.44.35207\include\xlocale(453): error C3878: syntax error: unexpected token ')' following 'statement'
C:\Program Files\Microsoft Visual Studio\2022\Community\VC\Tools\MSVC\14.44.35207\include\iosfwd(142): note: This diagnostic occurred in the compiler generated function 'const _Facet &std::use_facet(const std::locale &)'
C:\Program Files\Microsoft Visual Studio\2022\Community\VC\Tools\MSVC\14.44.35207\include\xlocale(453): error C3878: syntax error: unexpected token ')' following 'statement-seq'
C:\Program Files\Microsoft Visual Studio\2022\Community\VC\Tools\MSVC\14.44.35207\include\xlocale(453): note: missing one of:  '}' ?
C:\Program Files\Microsoft Visual Studio\2022\Community\VC\Tools\MSVC\14.44.35207\include\iosfwd(142): note: This diagnostic occurred in the compiler generated function 'const _Facet &std::use_facet(const std::locale &)'
C:\Program Files\Microsoft Visual Studio\2022\Community\VC\Tools\MSVC\14.44.35207\include\xlocale(453): error C2760: syntax error: ')' was unexpected here; expected '}'
C:\Program Files\Microsoft Visual Studio\2022\Community\VC\Tools\MSVC\14.44.35207\include\iosfwd(142): note: This diagnostic occurred in the compiler generated function 'const _Facet &std::use_facet(const std::locale &)'
C:\Program Files\Microsoft Visual Studio\2022\Community\VC\Tools\MSVC\14.44.35207\include\xlocale(453): error C3878: syntax error: unexpected token ')' following 'compound-statement'
C:\Program Files\Microsoft Visual Studio\2022\Community\VC\Tools\MSVC\14.44.35207\include\iosfwd(142): note: This diagnostic occurred in the compiler generated function 'const _Facet &std::use_facet(const std::locale &)'
C:\Program Files\Microsoft Visual Studio\2022\Community\VC\Tools\MSVC\14.44.35207\include\xlocale(453): error C3878: syntax error: unexpected token ')' following 'selection-statement'
C:\Program Files\Microsoft Visual Studio\2022\Community\VC\Tools\MSVC\14.44.35207\include\iosfwd(142): note: This diagnostic occurred in the compiler generated function 'const _Facet &std::use_facet(const std::locale &)'
C:\Program Files\Microsoft Visual Studio\2022\Community\VC\Tools\MSVC\14.44.35207\include\xlocale(458): error C2065: '_Pfmod': undeclared identifier
C:\Program Files\Microsoft Visual Studio\2022\Community\VC\Tools\MSVC\14.44.35207\include\iosfwd(142): note: This diagnostic occurred in the compiler generated function 'const _Facet &std::use_facet(const std::locale &)'
C:\Program Files\Microsoft Visual Studio\2022\Community\VC\Tools\MSVC\14.44.35207\include\xlocale(461): error C2065: '_Pfmod': undeclared identifier
C:\Program Files\Microsoft Visual Studio\2022\Community\VC\Tools\MSVC\14.44.35207\include\iosfwd(142): note: This diagnostic occurred in the compiler generated function 'const _Facet &std::use_facet(const std::locale &)'
C:\Program Files\Microsoft Visual Studio\2022\Community\VC\Tools\MSVC\14.44.35207\include\xlocale(465): error C2065: '_Psave_guard': undeclared identifier
C:\Program Files\Microsoft Visual Studio\2022\Community\VC\Tools\MSVC\14.44.35207\include\iosfwd(142): note: This diagnostic occurred in the compiler generated function 'const _Facet &std::use_facet(const std::locale &)'
C:\Program Files\Microsoft Visual Studio\2022\Community\VC\Tools\MSVC\14.44.35207\include\chrono(89): error C3861: '_Xtime_get_ticks': identifier not found
C:\Program Files\Microsoft Visual Studio\2022\Community\VC\Tools\MSVC\14.44.35207\include\chrono(89): fatal error C1907: unable to recover from previous error(s); stopping compilation
INTERNAL COMPILER ERROR in 'C:\PROGRA~1\MICROS~3\2022\COMMUN~1\VC\Tools\MSVC\1444~1.352\bin\Hostx64\x64\cl.exe'
    Please choose the Technical Support command on the Visual C++
    Help menu, or open the Technical Support help file for more information
[8/24] Building CXX object CMakeFiles\VulkanSandbox.dir\main.cpp.obj
\main.cpp.obj /FdCMakeFiles\VulkanSandbox.dir\ /FS -c C:\Users\Nuri\Desktop\VulkanAPI\engine\main.cpp
C:\Program Files\Microsoft Visual Studio\2022\Community\VC\Tools\MSVC\14.44.35207\include\__msvc_chrono.hpp(657): error C3861: '_Query_perf_frequency': identifier not found
C:\Program Files\Microsoft Visual Studio\2022\Community\VC\Tools\MSVC\14.44.35207\include\__msvc_chrono.hpp(658): error C3861: '_Query_perf_counter': identifier not found
C:\Program Files\Microsoft Visual Studio\2022\Community\VC\Tools\MSVC\14.44.35207\include\xlocale(453): error C3878: syntax error: unexpected token '_Psave_guard' following 'expression'
C:\Program Files\Microsoft Visual Studio\2022\Community\VC\Tools\MSVC\14.44.35207\include\iosfwd(142): note: This diagnostic occurred in the compiler generated function 'const _Facet &std::use_facet(const std::locale &)'
C:\Program Files\Microsoft Visual Studio\2022\Community\VC\Tools\MSVC\14.44.35207\include\xlocale(453): error C2760: syntax error: ')' was unexpected here; expected ';'
C:\Program Files\Microsoft Visual Studio\2022\Community\VC\Tools\MSVC\14.44.35207\include\iosfwd(142): note: This diagnostic occurred in the compiler generated function 'const _Facet &std::use_facet(const std::locale &)'
C:\Program Files\Microsoft Visual Studio\2022\Community\VC\Tools\MSVC\14.44.35207\include\xlocale(453): error C3878: syntax error: unexpected token ')' following 'expression-statement'
C:\Program Files\Microsoft Visual Studio\2022\Community\VC\Tools\MSVC\14.44.35207\include\iosfwd(142): note: This diagnostic occurred in the compiler generated function 'const _Facet &std::use_facet(const std::locale &)'
C:\Program Files\Microsoft Visual Studio\2022\Community\VC\Tools\MSVC\14.44.35207\include\xlocale(453): error C3878: syntax error: unexpected token ')' following 'statement'
C:\Program Files\Microsoft Visual Studio\2022\Community\VC\Tools\MSVC\14.44.35207\include\iosfwd(142): note: This diagnostic occurred in the compiler generated function 'const _Facet &std::use_facet(const std::locale &)'
C:\Program Files\Microsoft Visual Studio\2022\Community\VC\Tools\MSVC\14.44.35207\include\xlocale(453): error C3878: syntax error: unexpected token ')' following 'statement-seq'
C:\Program Files\Microsoft Visual Studio\2022\Community\VC\Tools\MSVC\14.44.35207\include\xlocale(453): note: missing one of:  '}' ?
C:\Program Files\Microsoft Visual Studio\2022\Community\VC\Tools\MSVC\14.44.35207\include\iosfwd(142): note: This diagnostic occurred in the compiler generated function 'const _Facet &std::use_facet(const std::locale &)'
C:\Program Files\Microsoft Visual Studio\2022\Community\VC\Tools\MSVC\14.44.35207\include\xlocale(453): error C2760: syntax error: ')' was unexpected here; expected '}'
C:\Program Files\Microsoft Visual Studio\2022\Community\VC\Tools\MSVC\14.44.35207\include\iosfwd(142): note: This diagnostic occurred in the compiler generated function 'const _Facet &std::use_facet(const std::locale &)'
C:\Program Files\Microsoft Visual Studio\2022\Community\VC\Tools\MSVC\14.44.35207\include\xlocale(453): error C3878: syntax error: unexpected token ')' following 'compound-statement'
C:\Program Files\Microsoft Visual Studio\2022\Community\VC\Tools\MSVC\14.44.35207\include\iosfwd(142): note: This diagnostic occurred in the compiler generated function 'const _Facet &std::use_facet(const std::locale &)'
C:\Program Files\Microsoft Visual Studio\2022\Community\VC\Tools\MSVC\14.44.35207\include\xlocale(453): error C3878: syntax error: unexpected token ')' following 'selection-statement'
C:\Program Files\Microsoft Visual Studio\2022\Community\VC\Tools\MSVC\14.44.35207\include\iosfwd(142): note: This diagnostic occurred in the compiler generated function 'const _Facet &std::use_facet(const std::locale &)'
C:\Program Files\Microsoft Visual Studio\2022\Community\VC\Tools\MSVC\14.44.35207\include\xlocale(458): error C2065: '_Pfmod': undeclared identifier
C:\Program Files\Microsoft Visual Studio\2022\Community\VC\Tools\MSVC\14.44.35207\include\iosfwd(142): note: This diagnostic occurred in the compiler generated function 'const _Facet &std::use_facet(const std::locale &)'
C:\Program Files\Microsoft Visual Studio\2022\Community\VC\Tools\MSVC\14.44.35207\include\xlocale(461): error C2065: '_Pfmod': undeclared identifier
C:\Program Files\Microsoft Visual Studio\2022\Community\VC\Tools\MSVC\14.44.35207\include\iosfwd(142): note: This diagnostic occurred in the compiler generated function 'const _Facet &std::use_facet(const std::locale &)'
C:\Program Files\Microsoft Visual Studio\2022\Community\VC\Tools\MSVC\14.44.35207\include\xlocale(465): error C2065: '_Psave_guard': undeclared identifier
C:\Program Files\Microsoft Visual Studio\2022\Community\VC\Tools\MSVC\14.44.35207\include\iosfwd(142): note: This diagnostic occurred in the compiler generated function 'const _Facet &std::use_facet(const std::locale &)'
C:\Program Files\Microsoft Visual Studio\2022\Community\VC\Tools\MSVC\14.44.35207\include\chrono(89): error C3861: '_Xtime_get_ticks': identifier not found
C:\Program Files\Microsoft Visual Studio\2022\Community\VC\Tools\MSVC\14.44.35207\include\chrono(89): fatal error C1907: unable to recover from previous error(s); stopping compilation
INTERNAL COMPILER ERROR in 'C:\PROGRA~1\MICROS~3\2022\COMMUN~1\VC\Tools\MSVC\1444~1.352\bin\Hostx64\x64\cl.exe'
    Please choose the Technical Support command on the Visual C++
    Help menu, or open the Technical Support help file for more information
[9/24] Building CXX object CMakeFiles\VulkanSandbox.dir\meadow_app.cpp.obj
\meadow_app.cpp.obj /FdCMakeFiles\VulkanSandbox.dir\ /FS -c C:\Users\Nuri\Desktop\VulkanAPI\engine\meadow_app.cpp
C:\Program Files\Microsoft Visual Studio\2022\Community\VC\Tools\MSVC\14.44.35207\include\__msvc_chrono.hpp(657): error C3861: '_Query_perf_frequency': identifier not found
C:\Program Files\Microsoft Visual Studio\2022\Community\VC\Tools\MSVC\14.44.35207\include\__msvc_chrono.hpp(658): error C3861: '_Query_perf_counter': identifier not found
C:\Program Files\Microsoft Visual Studio\2022\Community\VC\Tools\MSVC\14.44.35207\include\xlocale(453): error C3878: syntax error: unexpected token '_Psave_guard' following 'expression'
C:\Program Files\Microsoft Visual Studio\2022\Community\VC\Tools\MSVC\14.44.35207\include\iosfwd(142): note: This diagnostic occurred in the compiler generated function 'const _Facet &std::use_facet(const std::locale &)'
C:\Program Files\Microsoft Visual Studio\2022\Community\VC\Tools\MSVC\14.44.35207\include\xlocale(453): error C2760: syntax error: ')' was unexpected here; expected ';'
C:\Program Files\Microsoft Visual Studio\2022\Community\VC\Tools\MSVC\14.44.35207\include\iosfwd(142): note: This diagnostic occurred in the compiler generated function 'const _Facet &std::use_facet(const std::locale &)'
C:\Program Files\Microsoft Visual Studio\2022\Community\VC\Tools\MSVC\14.44.35207\include\xlocale(453): error C3878: syntax error: unexpected token ')' following 'expression-statement'
C:\Program Files\Microsoft Visual Studio\2022\Community\VC\Tools\MSVC\14.44.35207\include\iosfwd(142): note: This diagnostic occurred in the compiler generated function 'const _Facet &std::use_facet(const std::locale &)'
C:\Program Files\Microsoft Visual Studio\2022\Community\VC\Tools\MSVC\14.44.35207\include\xlocale(453): error C3878: syntax error: unexpected token ')' following 'statement'
C:\Program Files\Microsoft Visual Studio\2022\Community\VC\Tools\MSVC\14.44.35207\include\iosfwd(142): note: This diagnostic occurred in the compiler generated function 'const _Facet &std::use_facet(const std::locale &)'
C:\Program Files\Microsoft Visual Studio\2022\Community\VC\Tools\MSVC\14.44.35207\include\xlocale(453): error C3878: syntax error: unexpected token ')' following 'statement-seq'
C:\Program Files\Microsoft Visual Studio\2022\Community\VC\Tools\MSVC\14.44.35207\include\xlocale(453): note: missing one of:  '}' ?
C:\Program Files\Microsoft Visual Studio\2022\Community\VC\Tools\MSVC\14.44.35207\include\iosfwd(142): note: This diagnostic occurred in the compiler generated function 'const _Facet &std::use_facet(const std::locale &)'
C:\Program Files\Microsoft Visual Studio\2022\Community\VC\Tools\MSVC\14.44.35207\include\xlocale(453): error C2760: syntax error: ')' was unexpected here; expected '}'
C:\Program Files\Microsoft Visual Studio\2022\Community\VC\Tools\MSVC\14.44.35207\include\iosfwd(142): note: This diagnostic occurred in the compiler generated function 'const _Facet &std::use_facet(const std::locale &)'
C:\Program Files\Microsoft Visual Studio\2022\Community\VC\Tools\MSVC\14.44.35207\include\xlocale(453): error C3878: syntax error: unexpected token ')' following 'compound-statement'
C:\Program Files\Microsoft Visual Studio\2022\Community\VC\Tools\MSVC\14.44.35207\include\iosfwd(142): note: This diagnostic occurred in the compiler generated function 'const _Facet &std::use_facet(const std::locale &)'
C:\Program Files\Microsoft Visual Studio\2022\Community\VC\Tools\MSVC\14.44.35207\include\xlocale(453): error C3878: syntax error: unexpected token ')' following 'selection-statement'
C:\Program Files\Microsoft Visual Studio\2022\Community\VC\Tools\MSVC\14.44.35207\include\iosfwd(142): note: This diagnostic occurred in the compiler generated function 'const _Facet &std::use_facet(const std::locale &)'
C:\Program Files\Microsoft Visual Studio\2022\Community\VC\Tools\MSVC\14.44.35207\include\xlocale(458): error C2065: '_Pfmod': undeclared identifier
C:\Program Files\Microsoft Visual Studio\2022\Community\VC\Tools\MSVC\14.44.35207\include\iosfwd(142): note: This diagnostic occurred in the compiler generated function 'const _Facet &std::use_facet(const std::locale &)'
C:\Program Files\Microsoft Visual Studio\2022\Community\VC\Tools\MSVC\14.44.35207\include\xlocale(461): error C2065: '_Pfmod': undeclared identifier
C:\Program Files\Microsoft Visual Studio\2022\Community\VC\Tools\MSVC\14.44.35207\include\iosfwd(142): note: This diagnostic occurred in the compiler generated function 'const _Facet &std::use_facet(const std::locale &)'
C:\Program Files\Microsoft Visual Studio\2022\Community\VC\Tools\MSVC\14.44.35207\include\xlocale(465): error C2065: '_Psave_guard': undeclared identifier
C:\Program Files\Microsoft Visual Studio\2022\Community\VC\Tools\MSVC\14.44.35207\include\iosfwd(142): note: This diagnostic occurred in the compiler generated function 'const _Facet &std::use_facet(const std::locale &)'
C:\Program Files\Microsoft Visual Studio\2022\Community\VC\Tools\MSVC\14.44.35207\include\chrono(89): error C3861: '_Xtime_get_ticks': identifier not found
C:\Program Files\Microsoft Visual Studio\2022\Community\VC\Tools\MSVC\14.44.35207\include\chrono(89): fatal error C1907: unable to recover from previous error(s); stopping compilation
INTERNAL COMPILER ERROR in 'C:\PROGRA~1\MICROS~3\2022\COMMUN~1\VC\Tools\MSVC\1444~1.352\bin\Hostx64\x64\cl.exe'
\renderer\shadow_mapper.cpp.obj /FdCMakeFiles\VulkanSandbox.dir\ /FS -c C:\Users\Nuri\Desktop\VulkanAPI\engine\renderer\shadow_mapper.cpp
C:\Program Files\Microsoft Visual Studio\2022\Community\VC\Tools\MSVC\14.44.35207\include\__msvc_chrono.hpp(657): error C3861: '_Query_perf_frequency': identifier not found
C:\Program Files\Microsoft Visual Studio\2022\Community\VC\Tools\MSVC\14.44.35207\include\__msvc_chrono.hpp(658): error C3861: '_Query_perf_counter': identifier not found
C:\Program Files\Microsoft Visual Studio\2022\Community\VC\Tools\MSVC\14.44.35207\include\xlocale(453): error C3878: syntax error: unexpected token '_Psave_guard' following 'expression'
C:\Program Files\Microsoft Visual Studio\2022\Community\VC\Tools\MSVC\14.44.35207\include\iosfwd(142): note: This diagnostic occurred in the compiler generated function 'const _Facet &std::use_facet(const std::locale &)'
C:\Program Files\Microsoft Visual Studio\2022\Community\VC\Tools\MSVC\14.44.35207\include\xlocale(453): error C2760: syntax error: ')' was unexpected here; expected ';'
C:\Program Files\Microsoft Visual Studio\2022\Community\VC\Tools\MSVC\14.44.35207\include\iosfwd(142): note: This diagnostic occurred in the compiler generated function 'const _Facet &std::use_facet(const std::locale &)'
C:\Program Files\Microsoft Visual Studio\2022\Community\VC\Tools\MSVC\14.44.35207\include\xlocale(453): error C3878: syntax error: unexpected token ')' following 'expression-statement'
C:\Program Files\Microsoft Visual Studio\2022\Community\VC\Tools\MSVC\14.44.35207\include\iosfwd(142): note: This diagnostic occurred in the compiler generated function 'const _Facet &std::use_facet(const std::locale &)'
C:\Program Files\Microsoft Visual Studio\2022\Community\VC\Tools\MSVC\14.44.35207\include\xlocale(453): error C3878: syntax error: unexpected token ')' following 'statement'
C:\Program Files\Microsoft Visual Studio\2022\Community\VC\Tools\MSVC\14.44.35207\include\iosfwd(142): note: This diagnostic occurred in the compiler generated function 'const _Facet &std::use_facet(const std::locale &)'
C:\Program Files\Microsoft Visual Studio\2022\Community\VC\Tools\MSVC\14.44.35207\include\xlocale(453): error C3878: syntax error: unexpected token ')' following 'statement-seq'
C:\Program Files\Microsoft Visual Studio\2022\Community\VC\Tools\MSVC\14.44.35207\include\xlocale(453): note: missing one of:  '}' ?
C:\Program Files\Microsoft Visual Studio\2022\Community\VC\Tools\MSVC\14.44.35207\include\iosfwd(142): note: This diagnostic occurred in the compiler generated function 'const _Facet &std::use_facet(const std::locale &)'
C:\Program Files\Microsoft Visual Studio\2022\Community\VC\Tools\MSVC\14.44.35207\include\xlocale(453): error C2760: syntax error: ')' was unexpected here; expected '}'
C:\Program Files\Microsoft Visual Studio\2022\Community\VC\Tools\MSVC\14.44.35207\include\iosfwd(142): note: This diagnostic occurred in the compiler generated function 'const _Facet &std::use_facet(const std::locale &)'
C:\Program Files\Microsoft Visual Studio\2022\Community\VC\Tools\MSVC\14.44.35207\include\xlocale(453): error C3878: syntax error: unexpected token ')' following 'compound-statement'
C:\Program Files\Microsoft Visual Studio\2022\Community\VC\Tools\MSVC\14.44.35207\include\iosfwd(142): note: This diagnostic occurred in the compiler generated function 'const _Facet &std::use_facet(const std::locale &)'
C:\Program Files\Microsoft Visual Studio\2022\Community\VC\Tools\MSVC\14.44.35207\include\xlocale(453): error C3878: syntax error: unexpected token ')' following 'selection-statement'
C:\Program Files\Microsoft Visual Studio\2022\Community\VC\Tools\MSVC\14.44.35207\include\iosfwd(142): note: This diagnostic occurred in the compiler generated function 'const _Facet &std::use_facet(const std::locale &)'
C:\Program Files\Microsoft Visual Studio\2022\Community\VC\Tools\MSVC\14.44.35207\include\xlocale(458): error C2065: '_Pfmod': undeclared identifier
C:\Program Files\Microsoft Visual Studio\2022\Community\VC\Tools\MSVC\14.44.35207\include\iosfwd(142): note: This diagnostic occurred in the compiler generated function 'const _Facet &std::use_facet(const std::locale &)'
C:\Program Files\Microsoft Visual Studio\2022\Community\VC\Tools\MSVC\14.44.35207\include\xlocale(461): error C2065: '_Pfmod': undeclared identifier
C:\Program Files\Microsoft Visual Studio\2022\Community\VC\Tools\MSVC\14.44.35207\include\iosfwd(142): note: This diagnostic occurred in the compiler generated function 'const _Facet &std::use_facet(const std::locale &)'
C:\Program Files\Microsoft Visual Studio\2022\Community\VC\Tools\MSVC\14.44.35207\include\xlocale(465): error C2065: '_Psave_guard': undeclared identifier
C:\Program Files\Microsoft Visual Studio\2022\Community\VC\Tools\MSVC\14.44.35207\include\iosfwd(142): note: This diagnostic occurred in the compiler generated function 'const _Facet &std::use_facet(const std::locale &)'
C:\Program Files\Microsoft Visual Studio\2022\Community\VC\Tools\MSVC\14.44.35207\include\chrono(89): error C3861: '_Xtime_get_ticks': identifier not found
C:\Program Files\Microsoft Visual Studio\2022\Community\VC\Tools\MSVC\14.44.35207\include\chrono(89): fatal error C1907: unable to recover from previous error(s); stopping compilation